# VMCore 分析报告

**生成时间**: 2026-04-17 23:22:04

## 基本信息

- **vmcore 路径**: `/home/calmwu/Downloads/kylin_crash/tmp/cq2t300809/vmcore`
- **vmlinux 路径**: `/usr/lib/debug/usr/lib/modules/4.19.90-89.20.v2401.ky10.x86_64/vmlinux`
- **vmcore-dmesg 路径**: `/home/calmwu/Downloads/kylin_crash/tmp/cq2t300809/vmcore-dmesg.txt`

- **分析步数**: 30
- **Token 使用量**: 480736

## 分析过程

### 步骤 1: 信息收集

```

# Initial Context
The following is the User-Provided Initial Context for this Linux kernel crash analysis. It includes the items listed in the User-Provided Data Inventory below and should be treated as already-available analysis input.

**CRITICAL**: These information blocks and command outputs are already provided below by the user. **DO NOT** attempt to request this data or run these base commands (`sys`, `sys -t`, `bt`) again at ANY step of the analysis.

**[User-Provided Data Inventory]**
1. **`sys`**: System info (kernel version, panic string, CPU count).
2. **`sys -t`**: Kernel taint flags.
3. **`bt`**: Panic task backtrace.
4. **`vmcore-dmesg`**: **IMPORTANT** - This is a text content block embedded in the User-Provided Initial Context below, NOT a file in the crash utility environment. You CANNOT run shell commands like `grep -i pattern vmcore-dmesg` on it. Instead, analyze the text directly from the User-Provided Initial Context.
5. **Third-party Modules**: Paths to installed modules with debug symbols.

**[Instructions for Initial Analysis]**
- **Evaluation**: Pay special attention to `BUG:`,`Oops`,`panic`,`MCE` entries within the `vmcore-dmesg` content block. These are critical kernel error signals.
- **`sys -t` Triage Role**: Treat `sys -t` as one of the first environment-classification signals. Its main value is fast triage: it helps judge whether the crash happened in a clean kernel environment or in a kernel already marked by warnings, machine checks, or third-party module involvement. Use it to rank hypotheses and decide what evidence to prioritize next.
- **Clean vs Tainted Interpretation**: `TAINTED_MASK: 0` means no taint flags are set. This removes taint-based support barriers and keeps in-tree kernel code, workload-triggered behavior, firmware issues, and hardware faults all in scope. Do **NOT** overstate taint-free output as proof that the root cause must be a pure upstream kernel bug.
- **Third-Party Module Signal**: Flags such as `P`, `O`, and `E` indicate proprietary, externally built, or unsigned modules. Treat these as a strong cue to inspect third-party modules early, especially when the backtrace crosses those modules or the failing subsystem is tightly adjacent to them. This changes supportability and hypothesis ranking, but it is still not proof unless the crash path or other diagnostic evidence points there.
- **Warning and Hardware Signal**: `W` means the kernel recorded a warning before or during the failure sequence; check whether that warning is the trigger, an earlier symptom, or unrelated noise by correlating it with the `vmcore-dmesg` timeline and the panic path. `M` elevates hardware-error or machine-check validation and should trigger explicit hardware-oriented checks rather than immediate software-only blame.
- **Reliability Caveat**: Taint flags affect how to interpret later evidence. Out-of-tree or private modules may limit symbol visibility and debuginfo quality. A prior warning may mean the fatal crash is downstream from earlier damage. Do not map taint letters mechanically to a crash type, and do not infer deadlock, ownership, or temporal causality from taint flags alone.
- **Follow-up Direction**: Always interpret `sys -t` together with `bt`, `vmcore-dmesg`, and the module inventory. If taint suggests warning history, inspect the warning context in the provided `vmcore-dmesg` first. If taint suggests third-party module involvement, compare the backtrace against the loaded-module set before deep-diving into generic kernel hypotheses.
- **Example Workflow (`W`)**:
  1. `sys -t` shows `W` -> first inspect `vmcore-dmesg` for the warning site and timeline, not just the final panic line.
  2. Compare the warning location with `bt`; if the panic path stays in the same subsystem, raise that warning as a leading trigger hypothesis.
  3. If the warning is much earlier or from a different subsystem, treat it as possible precursor damage and keep causal linkage provisional.
- **Example Workflow (`P/O/E`)**:
  1. `sys -t` shows `P`, `O`, or `E` -> first compare `bt` against the loaded third-party module set and note whether the call path crosses those modules.
  2. If the crash path enters a third-party module or directly adjacent callback path, promote that module family in the hypothesis ranking and account for symbol/debug-info limitations.
  3. If no third-party module appears on the active path, keep them as environmental risk factors rather than the default root cause.
- **Integration**: You MUST integrate your reasoning over the critical kernel error alongside the `bt` (backtrace) evaluation. Do not analyze them in isolation.
- **Log Searching**: If you need to search for specific patterns in the kernel log AFTER initial analysis, the emitted action itself MUST literally contain `| grep`. Example: `log -m | grep -i nouveau | grep -Ei "fail|error|timeout|fault|xid|mmu|fifo"`. **NEVER emit `log -m`, `log -t`, or `log -a` standalone in the action field**, and do not pipe them to `head`, `tail`, `sed`, or other commands before grep. These forms dump the entire log, cause token overflow, and are invalid even if your reasoning mentions a filtered query. Do NOT attempt to use `grep` on vmcore-dmesg.

<initial_data>
$ sys
KERNEL: /usr/lib/debug/usr/lib/modules/4.19.90-89.20.v2401.ky10.x86_64/vmlinux
    DUMPFILE: /home/calmwu/Downloads/kylin_crash/tmp/cq2t300809/vmcore  [PARTIAL DUMP]
        CPUS: 128
        DATE: Wed Oct 22 16:44:04 CST 2025
      UPTIME: 2 days, 20:45:42
LOAD AVERAGE: 6.01, 4.18, 3.45
       TASKS: 3101
    NODENAME: cq2t300809
     RELEASE: 4.19.90-89.20.v2401.ky10.x86_64
     VERSION: #1 SMP Mon Mar 3 06:07:41 UTC 2025
     MACHINE: x86_64  (2000 Mhz)
      MEMORY: 1011.8 GB
       PANIC: "BUG: unable to handle kernel paging request at 0000000065db75c7"

$ sys -t
TAINTED_MASK: 0

$ bt
PID: 0        TASK: ffff8cbad8aabf00  CPU: 7    COMMAND: "swapper/7"
 #0 [ffffa4e4d89afbb8] machine_kexec at ffffffff85c5edbf
 #1 [ffffa4e4d89afc10] __crash_kexec at ffffffff85d6b871
 #2 [ffffa4e4d89afcd0] crash_kexec at ffffffff85d6c77d
 #3 [ffffa4e4d89afce8] oops_end at ffffffff85c2542f
 #4 [ffffa4e4d89afd08] no_context at ffffffff85c70a75
 #5 [ffffa4e4d89afd60] __do_page_fault at ffffffff85c712d0
 #6 [ffffa4e4d89afdd0] do_page_fault at ffffffff85c71700
 #7 [ffffa4e4d89afe00] page_fault at ffffffff8660100e
    [exception RIP: cpu_idle_poll+53]
    RIP: ffffffff8656bf75  RSP: ffffa4e4d89afeb0  RFLAGS: 00010202
    RAX: 0000000000000001  RBX: 0000000000000007  RCX: 000000000000001f
    RDX: 0000e124e925bc44  RSI: 0000000040000219  RDI: ffff8cd9beff0ec0
    RBP: 0000000000000007   R8: 0000000000000002   R9: 000000000002f700
    R10: ffffa4e4d89afea8  R11: 0000000000000000  R12: 0000000000000000
    R13: 0000000000000000  R14: 0000000000000000  R15: 0000000000000000
    ORIG_RAX: ffffffffffffffff  CS: 0010  SS: 0018
 #8 [ffffa4e4d89afed0] do_idle at ffffffff85cf2d6c
 #9 [ffffa4e4d89aff10] cpu_startup_entry at ffffffff85cf315f
#10 [ffffa4e4d89aff30] start_secondary at ffffffff85c53c9f
#11 [ffffa4e4d89aff50] secondary_startup_64_no_verify at ffffffff85c0012f

$ vmcore-dmesg (extracted around CPU:7 PID:0 Comm:swapper/7)
[244622.335825] device enp129s0f0 entered promiscuous mode
[244624.014450] device team0.103 left promiscuous mode
[244624.014454] device team0 left promiscuous mode
[244624.014459] device enp33s0f0 left promiscuous mode
[244624.014637] device enp129s0f0 left promiscuous mode
[245222.349439] device team0.103 entered promiscuous mode
[245222.349443] device team0 entered promiscuous mode
[245222.349444] device enp33s0f0 entered promiscuous mode
[245222.349597] device enp129s0f0 entered promiscuous mode
[245223.975404] device team0.103 left promiscuous mode
[245223.975407] device team0 left promiscuous mode
[245223.975409] device enp33s0f0 left promiscuous mode
[245223.975566] device enp129s0f0 left promiscuous mode
[245225.578863] device enp129s0f0 entered promiscuous mode
[245236.875140] device enp129s0f0 left promiscuous mode
[245236.956890] device enp33s0f0 entered promiscuous mode
[245252.299503] device enp33s0f0 left promiscuous mode
[245822.364224] device team0.103 entered promiscuous mode
[245822.364228] device team0 entered promiscuous mode
[245822.364230] device enp33s0f0 entered promiscuous mode
[245822.364379] device enp129s0f0 entered promiscuous mode
[245823.989676] device team0.103 left promiscuous mode
[245823.989680] device team0 left promiscuous mode
[245823.989681] device enp33s0f0 left promiscuous mode
[245823.989825] device enp129s0f0 left promiscuous mode
[245868.692945] VFS: Open an exclusive opened block device for write sda [85970 smartctl].
[245868.740298] VFS: Open an exclusive opened block device for write sda [85974 smartctl].
[246422.374362] device team0.103 entered promiscuous mode
[246422.374367] device team0 entered promiscuous mode
[246422.374369] device enp33s0f0 entered promiscuous mode
[246422.374529] device enp129s0f0 entered promiscuous mode
[246423.982209] device team0.103 left promiscuous mode
[246423.982212] device team0 left promiscuous mode
[246423.982214] device enp33s0f0 left promiscuous mode
[246423.982362] device enp129s0f0 left promiscuous mode
[247022.394460] device team0.103 entered promiscuous mode
[247022.394464] device team0 entered promiscuous mode
[247022.394467] device enp33s0f0 entered promiscuous mode
[247022.394631] device enp129s0f0 entered promiscuous mode
[247024.056573] device team0.103 left promiscuous mode
[247024.056575] device team0 left promiscuous mode
[247024.056577] device enp33s0f0 left promiscuous mode
[247024.056746] device enp129s0f0 left promiscuous mode
[247025.268961] device enp129s0f0 entered promiscuous mode
[247036.533902] device enp129s0f0 left promiscuous mode
[247036.605353] device enp33s0f0 entered promiscuous mode
[247052.982345] device enp33s0f0 left promiscuous mode
[247548.649257] BUG: unable to handle kernel paging request at 0000000065db75c7
[247548.658277] PGD 0 P4D 0 
[247548.662001] Oops: 0002 [#1] SMP NOPTI



</initial_data>

```

### 步骤 2: LLM 分析

**推理过程**:

1. From sys, panic string is 'BUG: unable to handle kernel paging request at 0000000065db75c7' and DUMPFILE is a [PARTIAL DUMP]. This is a page-fault signature, not NULL dereference. 2. sys -t shows TAINTED_MASK: 0, no taint, so crash is in a clean kernel environment; third-party modules or prior warnings are not indicated. 3. bt shows crash on CPU 7, PID 0 (swapper/7), exception RIP at cpu_idle_poll+53, execution context is idle. The fault address 0x65db75c7 is user-space range, but the kernel is in idle context, indicating a wild pointer. 4. vmcore-dmesg shows repetitive network promiscuous mode toggles (team0, enp33s0f0, enp129s0f0) but no error messages; crash occurs at timestamp 247548.649257. The live hypotheses are pointer_corruption in idle path, possibly from corrupted per-CPU or timer data. 5. The next action is to disassemble the faulting instruction to identify the operand source and confirm the address usage.

**早期签名类**: pointer_corruption

**最终根因类**: unknown

**转储完整性**: partial

**执行动作**: dis
**参数**: -rl ffffffff8656bf75

### 步骤 3: 工具执行结果

**工具名称**: dis

**执行结果**:

```
/usr/src/debug/kernel-4.19.90/linux-4.19.90-89.20.v2401.ky10.x86_64/kernel/sched/idle.c: 55
0xffffffff8656bf40 <cpu_idle_poll>:	nopl   0x0(%rax,%rax,1) [FTRACE NOP]
0xffffffff8656bf45 <cpu_idle_poll+5>:	push   %r13
0xffffffff8656bf47 <cpu_idle_poll+7>:	push   %r12
0xffffffff8656bf49 <cpu_idle_poll+9>:	push   %rbp
0xffffffff8656bf4a <cpu_idle_poll+10>:	push   %rbx
/usr/src/debug/kernel-4.19.90/linux-4.19.90-89.20.v2401.ky10.x86_64/kernel/sched/idle.c: 56
0xffffffff8656bf4b <cpu_idle_poll+11>:	call   0xffffffff85d3b7d0 <rcu_idle_enter>
/usr/src/debug/kernel-4.19.90/linux-4.19.90-89.20.v2401.ky10.x86_64/kernel/sched/idle.c: 57
0xffffffff8656bf50 <cpu_idle_poll+16>:	mov    %gs:0x79aa8211(%rip),%ebp        # 0x14168
0xffffffff8656bf57 <cpu_idle_poll+23>:	nopl   0x0(%rax,%rax,1)
/usr/src/debug/kernel-4.19.90/linux-4.19.90-89.20.v2401.ky10.x86_64/./arch/x86/include/asm/paravirt.h: 805
0xffffffff8656bf5c <cpu_idle_poll+28>:	sti    
0xffffffff8656bf5d <cpu_idle_poll+29>:	nopw   0x0(%rax,%rax,1)
/usr/src/debug/kernel-4.19.90/linux-4.19.90-89.20.v2401.ky10.x86_64/./arch/x86/include/asm/current.h: 15
0xffffffff8656bf63 <cpu_idle_poll+35>:	mov    %gs:0x1b440,%rax
/usr/src/debug/kernel-4.19.90/linux-4.19.90-89.20.v2401.ky10.x86_64/./arch/x86/include/asm/bitops.h: 318
0xffffffff8656bf6c <cpu_idle_poll+44>:	mov    (%rax),%rax
/usr/src/debug/kernel-4.19.90/linux-4.19.90-89.20.v2401.ky10.x86_64/kernel/sched/idle.c: 61
0xffffffff8656bf6f <cpu_idle_poll+47>:	test   $0x8,%al
0xffffffff8656bf71 <cpu_idle_poll+49>:	je     0xffffffff8656bf87 <cpu_idle_poll+71>
0xffffffff8656bf73 <cpu_idle_poll+51>:	jmp    0xffffffff8656bf9a <cpu_idle_poll+90>
/usr/src/debug/kernel-4.19.90/linux-4.19.90-89.20.v2401.ky10.x86_64/./arch/x86/include/asm/vdso/processor.h: 13
0xffffffff8656bf75 <cpu_idle_poll+53>:	pause
```

### 步骤 4: LLM 分析

**推理过程**:

Executor audit: unresolved x86 page-fault access-type contradiction. Oops 0x0002 decodes to write fault, but the candidate instruction `mov    (%rax),%rax` is classified as read; RIP instruction `pause` must not be accepted as a complete explanation until this is reconciled. 1) The disassembly shows RIP 0xffffffff8656bf75 is a 'pause' instruction, not a memory access. The preceding instruction at offset +53 is a pause, not the faulting memory instruction. This means the fault must have occurred earlier, possibly in the 'mov (%rax),%rax' at offset +44, which dereferences RAX. The fault address 0x65db75c7 is user-space, and RAX in the register dump is 0x1, not that address. However, note the register dump is from the exception frame after the fault; RAX may have been overwritten. The earlier 'mov %gs:0x1b440,%rax' loads RAX with current task (per-CPU current). That should be a kernel pointer, not user-space. The user-space address suggests either the per-CPU current was corrupted, or the faulting instruction is not this mov but something else. The CR2 (0x65db75c7) is not in the register dump, but the panic string indicates page fault at that address. 2) The signature class is pointer_corruption because the kernel tried to access a user-space address from kernel mode. Root cause class is still unknown. 3) Next, need to verify the actual faulting instruction by examining the page fault handler's CR2 and error code. Since we have partial dump, we can read the CR2 from the page fault handler's saved registers or check the page fault frame. Use 'bt -f' on the page fault frame (#5 or #6) to get the saved registers, or read the stack at those frames to find CR2.

**早期签名类**: pointer_corruption

**最终根因类**: unknown

**转储完整性**: partial

**执行动作**: run_script
**参数**: set -c 7 rd -x ffffa4e4d89afd60 64

### 步骤 5: 工具执行结果

**工具名称**: run_script

**执行结果**:

```
ffffa4e4d89afd60:  ffffffff85c712d0 0000000000000078 
ffffa4e4d89afd70:  ffff8cbb81920400 ffffa4e4d89afdc0 
ffffa4e4d89afd80:  0000000000000000 0000000000000001 
ffffa4e4d89afd90:  0000dfc567cbdefd c132f0575d2a9f00 
ffffa4e4d89afda0:  0000000000000000 ffffa4e4d89afe08 
ffffa4e4d89afdb0:  0000000000000002 0000000065db75c7 
ffffa4e4d89afdc0:  0000000000000000 0000000000000000 
ffffa4e4d89afdd0:  ffffffff85c71700 0000000000000000 
ffffa4e4d89afde0:  0000000000000000 0000000065db75c7 
ffffa4e4d89afdf0:  0000000000000000 0000000000000000 
ffffa4e4d89afe00:  ffffffff8660100e 0000000000000000 
ffffa4e4d89afe10:  0000000000000000 0000000000000000 
ffffa4e4d89afe20:  0000000000000000 0000000000000007 
ffffa4e4d89afe30:  0000000000000007 0000000000000000 
ffffa4e4d89afe40:  ffffa4e4d89afea8 000000000002f700 
ffffa4e4d89afe50:  0000000000000002 0000000000000001 
ffffa4e4d89afe60:  000000000000001f 0000e124e925bc44 
ffffa4e4d89afe70:  0000000040000219 ffff8cd9beff0ec0 
ffffa4e4d89afe80:  ffffffffffffffff ffffffff8656bf75 
ffffa4e4d89afe90:  0000000000000010 0000000000010202 
ffffa4e4d89afea0:  ffffa4e4d89afeb0 0000000000000018 
ffffa4e4d89afeb0:  0000000000000007 ffffffff8727afa0 
ffffa4e4d89afec0:  0000000000000000 0000000000000000 
ffffa4e4d89afed0:  ffffffff85cf2d6c ffff8cd9befefec0 
ffffa4e4d89afee0:  c132f0575d2a9f00 0000000000000089 
ffffa4e4d89afef0:  0000000000000000 0000000000000000 
ffffa4e4d89aff00:  0000000000000000 0000000000000000 
ffffa4e4d89aff10:  ffffffff85cf315f c132f0575d2a9f00 
ffffa4e4d89aff20:  9e4bda3bc4513700 ffffa4e4d89aff38 
ffffa4e4d89aff30:  ffffffff85c53c9f 9e4bda3bc4513700 
ffffa4e4d89aff40:  0000000000000000 0000000040000000 
ffffa4e4d89aff50:  ffffffff85c0012f 0000000000000000
```

### 步骤 6: LLM 分析

**推理过程**:

Executor audit: unresolved x86 page-fault access-type contradiction. Oops 0x0002 decodes to write fault, but the candidate instruction `mov    (%rax),%rax` is classified as read; RIP instruction `pause` must not be accepted as a complete explanation until this is reconciled. 1) The stack dump shows at offset ffffa4e4d89afdb8 (0xffffa4e4d89afdb0+8) the value 0x65db75c7, which matches the CR2 fault address. Also at ffffa4e4d89afde8 we see the same address again. This confirms the page fault address. The error code at ffffa4e4d89afdb0 is 0x2 (binary 010, meaning write, user mode, not present). However, the kernel was in kernel mode (swapper), but the error code indicates user-mode access. This suggests the faulting instruction was trying to write to a user-space address from kernel mode, likely due to a corrupted pointer. 2) The register values saved on the stack match the earlier register dump: RAX=1 at ffffa4e4d89afe50, RCX=0x1f at ffffa4e4d89afe60, etc. The RIP saved is ffffffff8656bf75 (pause). But the actual faulting instruction must be earlier because pause does not access memory. The previous instruction at +44 (mov (%rax),%rax) uses RAX, which is 1, causing a page fault at 0x1? Not 0x65db75c7. So the fault address does not match RAX. We need to examine the page fault handler to see which instruction actually caused the fault, perhaps by looking at the instruction pointer in the exception frame (maybe the faulting instruction is the one before the RIP saved). The RIP saved is the instruction after the fault? In x86, the RIP pushed is the address of the next instruction. So the faulting instruction is the one immediately before the saved RIP. That would be at ffffffff8656bf71 or ffffffff8656bf73? The disassembly shows ffffffff8656bf71 is a je, ffffffff8656bf73 is a jmp, both are branches, not memory accesses. The memory access earlier is at ffffffff8656bf6c (mov (%rax),%rax). That's 9 bytes before the saved RIP (0xffffffff8656bf75 - 9 = 0xffffffff8656bf6c). That matches the typical page fault behavior: RIP points to the instruction after the faulting one. Therefore, the faulting instruction is mov (%rax),%rax at ffffffff8656bf6c, and RAX contained 0x65db75c7. However, the saved RAX is 1, not 0x65db75c7. This suggests RAX was overwritten after the fault? Or the saved RAX is not the value at the time of the fault? The saved RAX is from the exception frame, which should be the value at the time of the fault. There's a discrepancy. 3) Need to examine the exact per-CPU current pointer value at the time. The mov %gs:0x1b440,%rax loads RAX with current task. That should be a kernel pointer. If it got corrupted to a user-space address, that would cause the fault. Let's read the per-CPU offset for CPU7 and verify the current pointer.

**早期签名类**: pointer_corruption

**最终根因类**: unknown

**转储完整性**: partial

**执行动作**: run_script
**参数**: p /x __per_cpu_offset[7] rd -x ffff8cbb81920400 32

### 步骤 7: 工具执行结果

**工具名称**: run_script

**执行结果**:

```
$1 = 0xffff8cd9befc0000
ffff8cbb81920400:  0000000000000000 0000000000000000 
ffff8cbb81920410:  0000000000000000 0000000000000000 
ffff8cbb81920420:  0000000000000000 00000000b65f57e5 
ffff8cbb81920430:  0000000000000000 0000000000000000 
ffff8cbb81920440:  0000000000000000 0000000000000000 
ffff8cbb81920450:  0000000000000000 0000000000000000 
ffff8cbb81920460:  0000000000000000 0000000000000000 
ffff8cbb81920470:  0000000000000000 0000000000000000 
ffff8cbb81920480:  0000dfc567eb3c00 000000000001c9d3 
ffff8cbb81920490:  0000000000000000 000002cf0001c9cb 
ffff8cbb819204a0:  0000000000000002 0000000000000000 
ffff8cbb819204b0:  0000000000000002 0000000000000000 
ffff8cbb819204c0:  0000000000000000 0000000000000000 
ffff8cbb819204d0:  0000000000000000 0000000000000000 
ffff8cbb819204e0:  0000000000000000 0000000000000000 
ffff8cbb819204f0:  0000000000000000 0000000000000000
```

### 步骤 8: LLM 分析

**推理过程**:

Executor audit: unresolved x86 page-fault access-type contradiction. Oops 0x0002 decodes to write fault, but the candidate instruction `mov    (%rax),%rax` is classified as read; RIP instruction `pause` must not be accepted as a complete explanation until this is reconciled. 1) The per-CPU offset for CPU7 is 0xffff8cd9befc0000. The per-CPU current pointer is at %gs:0x1b440. The offset 0x1b440 is decimal 111,680. We need to compute the exact address: per-CPU base + offset. 0xffff8cd9befc0000 + 0x1b440 = 0xffff8cd9befdb440. However, note the saved RAX from the exception frame is 0x1, not that address. But the fault address is 0x65db75c7, not the current pointer. The mov %gs:0x1b440,%rax should load the current task pointer into RAX, then mov (%rax),%rax dereferences it. If the current task pointer is corrupted to 0x65db75c7, then dereferencing it would cause a page fault at that address. But the saved RAX is 1, not the corrupted pointer. Wait: RAX after the mov %gs:0x1b440,%rax would be the current pointer, not 1. Then mov (%rax),%rax would load from that pointer into RAX, overwriting RAX with the value at that location. So the saved RAX (1) could be the value loaded from the corrupted pointer? That would mean the corrupted pointer points to a memory location that contains 1. But the fault is on the dereference, not on the stored value. The fault address is the pointer value itself (0x65db75c7). So RAX at the time of the mov (%rax),%rax must be 0x65db75c7. However, the saved RAX is 1, which is the value after the fault? Actually, after a page fault, the instruction is not executed, so RAX should still be the pointer value (0x65db75c7). The saved RAX is 1, which is weird. Could be that RAX was overwritten by the exception handler? Or the saved registers are not the exact fault-time registers? The exception frame on the stack shows the saved RAX at ffffa4e4d89afe50 is 1. That's the value from the exception frame pushed by the hardware. It should be the value at the time of the fault. Therefore, RAX at fault time was 1, not 0x65db75c7. But the fault address is 0x65db75c7, which is not RAX. Something else is the source of the fault. Perhaps the faulting instruction is not mov (%rax),%rax but something else, like a different memory access in the idle loop? Let's disassemble more of cpu_idle_poll to see if there are other memory accesses after the pause? The pause is at +53, and after that the function continues. But the saved RIP is the pause instruction, meaning the fault occurred before the pause? Actually, the saved RIP is the address of the instruction that caused the exception? No, on x86, the RIP pushed is the address of the next instruction to execute after the fault. So the faulting instruction is the one immediately before the saved RIP. That is the pause instruction? But pause does not access memory. The fault could be due to a TLB shootdown or asynchronous page fault? However, the error code indicates a write to a user-mode page. That suggests a kernel write to user-space address. 2) Need to examine the exact page fault handler to see what instruction caused it. Maybe we can look at the code of __do_page_fault to see what it logs. But we have the CR2 and error code. The error code 0x2 indicates write, user mode. The kernel was in kernel mode (CPL=0), but the error code says user mode (bit 2 set). That suggests the faulting address is in user space, and the processor was in user mode? But the kernel was in idle loop, which is kernel mode. This could be due to SMAP (Supervisor Mode Access Prevention) if the kernel tried to access a user-space page with SMAP enabled. That would cause a page fault with error code indicating user mode. SMAP is enabled by default. So the kernel attempted to read a user-space address from kernel mode, triggering a page fault. The fault address is user-space. Therefore, the pointer is a user-space address that got into a kernel pointer variable. 3) Next, need to trace where this user-space address came from. The per-CPU current pointer should be a kernel pointer. If it got corrupted to a user-space address, that's the root cause. We need to check the per-CPU current pointer value at the time of the crash. Compute the literal address of the per-CPU current for CPU7 and read it.

**早期签名类**: pointer_corruption

**最终根因类**: unknown

**转储完整性**: partial

**执行动作**: run_script
**参数**: rd -x ffff8cd9befdb440 8

### 步骤 9: 工具执行结果

**工具名称**: run_script

**执行结果**:

```
ffff8cd9befdb440:  ffff8cbad8aabf00 0000000000000000 
ffff8cd9befdb450:  0000000000000000 0000000000000000 
ffff8cd9befdb460:  0000000000229593 0000e117d2ccf2d8 
ffff8cd9befdb470:  0001fc03ee0880c1 0001ec93a343b744
```

### 步骤 10: LLM 分析

**推理过程**:

Executor audit: unresolved x86 page-fault access-type contradiction. Oops 0x0002 decodes to write fault, but the candidate instruction `mov    (%rax),%rax` is classified as read; RIP instruction `pause` must not be accepted as a complete explanation until this is reconciled. 1) The per-CPU current pointer at address ffff8cd9befdb440 contains ffff8cbad8aabf00, which is a kernel pointer (matches the task from bt: TASK: ffff8cbad8aabf00). This is the correct current task pointer for CPU7, not corrupted. Therefore, the mov %gs:0x1b440,%rax would load ffff8cbad8aabf00 into RAX, not 0x65db75c7. Then mov (%rax),%rax would dereference the task_struct's first field? The first field of task_struct is thread_info, which is a struct thread_info. The first member of thread_info is unsigned long flags. So reading RAX from (RAX) would load the flags. The saved RAX is 1, which matches the flags? The flags value at offset 0 of task_struct is flags. Let's check the flags of the current task. 2) We need to read the task_struct's flags to see if it's 1. That would explain RAX=1 after the mov (%rax),%rax. But the fault address is 0x65db75c7, not the pointer. Wait, the fault address is the address being accessed, which is the value in RAX before the dereference? Actually, the mov (%rax),%rax accesses the memory at RAX. So the fault address is the value in RAX at the time of the mov. That should be the current task pointer (ffff8cbad8aabf00), which is a kernel address, not user-space. But the fault address is user-space 0x65db75c7. Therefore, RAX must have been something else. Perhaps the per-CPU current pointer was corrupted at the time of the fault, but by the time we read it from the dump, it has been restored? Or the corruption is transient. However, the saved RAX is 1, which is not the pointer. This is confusing. 3) Let's examine the exact instruction sequence again: mov %gs:0x1b440,%rax loads RAX with current pointer. Then mov (%rax),%rax dereferences it. If RAX is corrupted, the corruption must happen between the load and the dereference? That's impossible because they are adjacent instructions. Unless the gs segment base itself is corrupted? The gs base is set per CPU and points to the per-CPU area. That could be corrupted. If the gs base is wrong, the load would get a wrong value. But the per-CPU offset we computed matches the per-CPU area (we read from that address and got the correct current pointer). So gs base seems correct. 4) Alternatively, the fault might be from a different instruction later in the idle loop. The saved RIP is pause, but the fault could be asynchronous (like a machine check) but the page fault handler was invoked. The error code indicates user-mode write. Could be a write to user-space via a kernel pointer. Let's look at the stack more to see if there are other clues. The vmcore-dmesg shows repetitive network device promiscuous mode toggles, possibly from network driver or teaming driver. This could be related to a driver that corrupts memory. However, the system is taint-free. 5) Need to examine the current task's kernel stack for corruption. The kernel stack pointer is ffffa4e4d89afeb0. Let's check the stack canary or look for overflow. Also, need to validate the task_struct integrity.

**早期签名类**: pointer_corruption

**最终根因类**: unknown

**转储完整性**: partial

**执行动作**: struct
**参数**: task_struct ffff8cbad8aabf00

### 步骤 11: 工具执行结果

**工具名称**: struct

**执行结果**:

```
struct task_struct {
  thread_info = {
    flags = 2149580808,
    status = 0
  },
  state = 0,
  stack = 0xffffa4e4d89ac000,
  usage = {
    counter = 1
  },
  flags = 2097218,
  ptrace = 0,
  wake_entry = {
    next = 0x0
  },
  on_cpu = 1,
  cpu = 7,
  wakee_flips = 163,
  wakee_flip_decay_ts = 4542208650,
  last_wakee = 0xffff8cbb81b65e80,
  recent_used_cpu = 7,
  wake_cpu = 7,
  on_rq = 1,
  prio = 120,
  static_prio = 120,
  normal_prio = 120,
  rt_priority = 0,
  sched_class = 0xffffffff86a21c40 <idle_sched_class>,
  se = {
    load = {
      weight = 1048576,
      inv_weight = 4194304
    },
    runnable_weight = 1048576,
    run_node = {
      __rb_parent_color = 1,
      rb_right = 0x0,
      rb_left = 0x0
    },
    group_node = {
      next = 0xffff8cbad8aabfb0,
      prev = 0xffff8cbad8aabfb0
    },
    on_rq = 0,
    exec_start = 625117344,
    sum_exec_runtime = 0,
    vruntime = 0,
    prev_sum_exec_runtime = 0,
    nr_migrations = 0,
    statistics = {
      wait_start = 0,
      wait_max = 0,
      wait_count = 0,
      wait_sum = 0,
      iowait_count = 0,
      iowait_sum = 0,
      sleep_start = 0,
      sleep_max = 0,
      sum_sleep_runtime = 0,
      block_start = 0,
      block_max = 0,
      exec_max = 0,
      slice_max = 0,
      nr_migrations_cold = 0,
      nr_failed_migrations_affine = 0,
      nr_failed_migrations_running = 0,
      nr_failed_migrations_hot = 0,
      nr_forced_migrations = 0,
      nr_wakeups = 0,
      nr_wakeups_sync = 0,
      nr_wakeups_migrate = 0,
      nr_wakeups_local = 0,
      nr_wakeups_remote = 0,
      nr_wakeups_affine = 0,
      nr_wakeups_affine_attempts = 0,
      nr_wakeups_passive = 0,
      nr_wakeups_idle = 0,
      nr_qos_smt_send_ipi = 0,
      nr_qos_smt_expelled = 0,
      kabi_reserved1 = 0,
      kabi_reserved2 = 0
    },
    depth = 0,
    parent = 0x0,
    cfs_rq = 0xffff8cd9befeff40,
    my_q = 0x0,
    avg = {
      last_update_time = 0,
      load_sum = 0,
      runnable_load_sum = 0,
      util_sum = 0,
      period_contrib = 0,
      load_avg = 1024,
      runnable_load_avg = 1024,
      util_avg = 0,
      util_est = {
        enqueued = 0,
        ewma = 0
      },
      kabi_reserved1 = 0,
      kabi_reserved2 = 0
    },
    kabi_reserved1 = 0,
    kabi_reserved2 = 0,
    kabi_reserved3 = 0,
    kabi_reserved4 = 0
  },
  rt = {
    run_list = {
      next = 0xffff8cbad8aac200,
      prev = 0xffff8cbad8aac200
    },
    timeout = 0,
    watchdog_stamp = 0,
    time_slice = 100,
    on_rq = 0,
    on_list = 0,
    back = 0x0,
    parent = 0x0,
    rt_rq = 0xffff8cd9beff0180,
    my_q = 0x0,
    kabi_reserved1 = 0,
    kabi_reserved2 = 0
  },
  sched_task_group = 0xffffffff88720580 <root_task_group>,
  dl = {
    rb_node = {
      __rb_parent_color = 18446617332859716192,
      rb_right = 0x0,
      rb_left = 0x0
    },
    dl_runtime = 0,
    dl_deadline = 0,
    dl_period = 0,
    dl_bw = 0,
    dl_density = 0,
    runtime = 0,
    deadline = 0,
    flags = 0,
    dl_throttled = 0,
    dl_boosted = 0,
    dl_yielded = 0,
    dl_non_contending = 0,
    dl_overrun = 0,
    dl_timer = {
      node = {
        node = {
          __rb_parent_color = 18446617332859716280,
          rb_right = 0x0,
          rb_left = 0x0
        },
        expires = 0
      },
      _softexpires = 0,
      function = 0xffffffff85d0a310 <dl_task_timer>,
      base = 0xffff8cd9bee22780,
      state = 0 '\000',
      is_rel = 0 '\000',
      is_soft = 0 '\000',
      kabi_reserved1 = 0,
      kabi_reserved2 = 0
    },
    inactive_timer = {
      node = {
        node = {
          __rb_parent_color = 18446617332859716360,
          rb_right = 0x0,
          rb_left = 0x0
        },
        expires = 0
      },
      _softexpires = 0,
      function = 0xffffffff85d07da0 <inactive_task_timer>,
      base = 0xffff8cd9bee22780,
      state = 0 '\000',
      is_rel = 0 '\000',
      is_soft = 0 '\000',
      kabi_reserved1 = 0,
      kabi_reserved2 = 0
    },
    kabi_reserved1 = 0,
    kabi_reserved2 = 0,
    kabi_reserved3 = 0,
    kabi_reserved4 = 0
  },
  preempt_notifiers = {
    first = 0x0
  },
  btrace_seq = 0,
  policy = 0,
  nr_cpus_allowed = 1,
  cpus_allowed = {
    bits = {128, 0, 18446744073709551615, 18446744073709551615, 18446744073709551615, 18446744073709551615, 18446744073709551615, 18446744073709551615, 18446744073709551615, 18446744073709551615, 18446744073709551615, 18446744073709551615, 18446744073709551615, 18446744073709551615, 18446744073709551615, 18446744073709551615, 18446744073709551615, 18446744073709551615, 18446744073709551615, 18446744073709551615, 18446744073709551615, 18446744073709551615, 18446744073709551615, 18446744073709551615, 18446744073709551615, 18446744073709551615, 18446744073709551615, 18446744073709551615, 18446744073709551615, 18446744073709551615, 18446744073709551615, 18446744073709551615, 18446744073709551615, 18446744073709551615, 18446744073709551615, 18446744073709551615, 18446744073709551615, 18446744073709551615, 18446744073709551615, 18446744073709551615, 18446744073709551615, 18446744073709551615, 18446744073709551615, 18446744073709551615, 18446744073709551615, 18446744073709551615, 18446744073709551615, 18446744073709551615, 18446744073709551615, 18446744073709551615, 18446744073709551615, 18446744073709551615, 18446744073709551615, 18446744073709551615, 18446744073709551615, 18446744073709551615, 18446744073709551615, 18446744073709551615, 18446744073709551615, 18446744073709551615, 18446744073709551615, 18446744073709551615, 18446744073709551615, 18446744073709551615, 18446744073709551615, 18446744073709551615, 18446744073709551615, 18446744073709551615, 18446744073709551615, 18446744073709551615, 18446744073709551615, 18446744073709551615, 18446744073709551615, 18446744073709551615, 18446744073709551615, 18446744073709551615, 18446744073709551615, 18446744073709551615, 18446744073709551615, 18446744073709551615, 18446744073709551615, 18446744073709551615, 18446744073709551615, 18446744073709551615, 18446744073709551615, 18446744073709551615, 18446744073709551615, 18446744073709551615, 18446744073709551615, 18446744073709551615, 18446744073709551615, 18446744073709551615, 18446744073709551615, 18446744073709551615, 18446744073709551615, 18446744073709551615, 18446744073709551615, 18446744073709551615, 18446744073709551615, 18446744073709551615, 18446744073709551615, 18446744073709551615, 18446744073709551615, 18446744073709551615, 18446744073709551615, 18446744073709551615, 18446744073709551615, 18446744073709551615, 18446744073709551615, 18446744073709551615, 18446744073709551615, 18446744073709551615, 18446744073709551615, 18446744073709551615, 18446744073709551615, 18446744073709551615, 18446744073709551615, 18446744073709551615, 18446744073709551615, 18446744073709551615, 18446744073709551615, 18446744073709551615, 18446744073709551615, 18446744073709551615, 18446744073709551615, 18446744073709551615, 18446744073709551615, 18446744073709551615}
  },
  sched_info = {
    pcount = 0,
    run_delay = 0,
    last_arrival = 0,
    last_queued = 0
  },
  tasks = {
    next = 0xffff8d1a40042830,
    prev = 0xffffffff870130f0 <init_task+2224>
  },
  pushable_tasks = {
    prio = 140,
    prio_list = {
      next = 0xffff8cbad8aac7c8,
      prev = 0xffff8cbad8aac7c8
    },
    node_list = {
      next = 0xffff8cbad8aac7d8,
      prev = 0xffff8cbad8aac7d8
    }
  },
  pushable_dl_tasks = {
    __rb_parent_color = 18446617332859717608,
    rb_right = 0x0,
    rb_left = 0x0
  },
  mm = 0x0,
  active_mm = 0xffff8cda4ac33f00,
  vmacache = {
    seqnum = 0,
    vmas = {0x0, 0x0, 0x0, 0x0}
  },
  rss_stat = {
    events = 0,
    count = {0, 0, 0, 0}
  },
  exit_state = 0,
  exit_code = 0,
  exit_signal = 0,
  pdeath_signal = 0,
  jobctl = 0,
  personality = 0,
  sched_reset_on_fork = 0,
  sched_contributes_to_load = 1,
  sched_migrated = 0,
  sched_remote_wakeup = 0,
  in_execve = 0,
  in_iowait = 0,
  restore_sigmask = 0,
  in_user_fault = 0,
  memcg_kmem_skip_account = 0,
  no_cgroup_migration = 0,
  frozen = 0,
  use_memdelay = 0,
  atomic_flags = 0,
  restart_block = {
    fn = 0xffffffff85ccd750 <do_no_restart_syscall>,
    {
      futex = {
        uaddr = 0x0,
        val = 0,
        flags = 0,
        bitset = 0,
        time = 0,
        uaddr2 = 0x0
      },
      nanosleep = {
        clockid = 0,
        type = TT_NONE,
        {
          rmtp = 0x0,
          compat_rmtp = 0x0
        },
        expires = 0
      },
      poll = {
        ufds = 0x0,
        nfds = 0,
        has_timeout = 0,
        tv_sec = 0,
        tv_nsec = 0
      }
    }
  },
  pid = 0,
  tgid = 0,
  kysec_fop = 0x0,
  stack_canary = 13921453656171519744,
  real_parent = 0xffff8d1a40043f00,
  parent = 0xffffffff87012840 <init_task>,
  children = {
    next = 0xffff8cbad8aac8d8,
    prev = 0xffff8cbad8aac8d8
  },
  sibling = {
    next = 0xffff8cbad8aac8e8,
    prev = 0xffff8cbad8aac8e8
  },
  group_leader = 0xffff8cbad8aabf00,
  ptraced = {
    next = 0xffff8d1a40044900,
    prev = 0xffff8d1a40044900
  },
  ptrace_entry = {
    next = 0xffff8d1a40044910,
    prev = 0xffff8d1a40044910
  },
  thread_pid = 0xffffffff87053f40 <init_struct_pid>,
  pid_links = {{
      next = 0x0,
      pprev = 0x0
    }, {
      next = 0x0,
      pprev = 0x0
    }, {
      next = 0x0,
      pprev = 0x0
    }, {
      next = 0x0,
      pprev = 0x0
    }},
  thread_group = {
    next = 0xffff8cbad8aac968,
    prev = 0xffff8cbad8aac968
  },
  thread_node = {
    next = 0xffff8d1a40048010,
    prev = 0xffff8d1a40048010
  },
  vfork_done = 0x0,
  set_child_tid = 0x0,
  clear_child_tid = 0x0,
  utime = 0,
  stime = 0,
  gtime = 0,
  prev_cputime = {
    utime = 0,
    stime = 0,
    lock = {
      raw_lock = {
        {
          val = {
            counter = 0
          },
          {
            locked = 0 '\000',
            pending = 0 '\000'
          },
          {
            locked_pending = 0,
            tail = 0
          }
        }
      }
    }
  },
  vtime = {
    seqcount = {
      sequence = 6
    },
    starttime = 625117464,
    state = VTIME_SYS,
    utime = 0,
    stime = 0,
    gtime = 0
  },
  tick_dep_mask = {
    counter = 0
  },
  nvcsw = 0,
  nivcsw = 10173219,
  start_time = 604790335,
  real_start_time = 604790335,
  min_flt = 0,
  maj_flt = 0,
  cputime_expires = {
    utime = 0,
    stime = 0,
    sum_exec_runtime = 0
  },
  cpu_timers = {{
      next = 0xffff8cbad8aaca50,
      prev = 0xffff8cbad8aaca50
    }, {
      next = 0xffff8cbad8aaca60,
      prev = 0xffff8cbad8aaca60
    }, {
      next = 0xffff8cbad8aaca70,
      prev = 0xffff8cbad8aaca70
    }},
  ptracer_cred = 0x0,
  real_cred = 0xffff8d5a4002ae40,
  cred = 0xffff8d5a4002ae40,
  comm = "swapper/7\000\000\000\000\000\000",
  nameidata = 0x0,
  sysvsem = {
    undo_list = 0x0
  },
  sysvshm = {
    shm_clist = {
      next = 0xffff8cbad8aacab8,
      prev = 0xffff8cbad8aacab8
    }
  },
  last_switch_count = 0,
  last_switch_time = 0,
  fs = 0xffff8d9a40025d00,
  files = 0xffff8d9a400382c0,
  io_uring = 0x0,
  nsproxy = 0xffffffff87054200 <init_nsproxy>,
  signal = 0xffff8d1a40048000,
  sighand = 0xffff8cda4004d280,
  blocked = {
    sig = {0}
  },
  real_blocked = {
    sig = {0}
  },
  saved_sigmask = {
    sig = {0}
  },
  pending = {
    list = {
      next = 0xffff8cbad8aacb20,
      prev = 0xffff8cbad8aacb20
    },
    signal = {
      sig = {0}
    }
  },
  sas_ss_sp = 0,
  sas_ss_size = 0,
  sas_ss_flags = 2,
  task_works = 0x0,
  audit_context = 0x0,
  loginuid = {
    val = 4294967295
  },
  sessionid = 4294967295,
  seccomp = {
    mode = 0,
    filter = 0x0
  },
  parent_exec_id = 0,
  self_exec_id = 0,
  alloc_lock = {
    {
      rlock = {
        raw_lock = {
          {
            val = {
              counter = 0
            },
            {
              locked = 0 '\000',
              pending = 0 '\000'
            },
            {
              locked_pending = 0,
              tail = 0
            }
          }
        }
      }
    }
  },
  pi_lock = {
    raw_lock = {
      {
        val = {
          counter = 0
        },
        {
          locked = 0 '\000',
          pending = 0 '\000'
        },
        {
          locked_pending = 0,
          tail = 0
        }
      }
    }
  },
  wake_q = {
    next = 0x0
  },
  pi_waiters = {
    rb_root = {
      rb_node = 0x0
    },
    rb_leftmost = 0x0
  },
  pi_top_task = 0x0,
  pi_blocked_on = 0x0,
  journal_info = 0x0,
  bio_list = 0x0,
  plug = 0x0,
  reclaim_state = 0x0,
  backing_dev_info = 0x0,
  io_context = 0x0,
  ptrace_message = 0,
  last_siginfo = 0x0,
  ioac = {
    rchar = 0,
    wchar = 0,
    syscr = 0,
    syscw = 0,
    read_bytes = 0,
    write_bytes = 0,
    cancelled_write_bytes = 0
  },
  acct_rss_mem1 = 0,
  acct_vm_mem1 = 0,
  acct_timexpd = 0,
  mems_allowed = {
    bits = {255, 0, 0, 0, 0, 0, 0, 0, 0, 0, 0, 0, 0, 0, 0, 0}
  },
  mems_allowed_seq = {
    sequence = 0
  },
  cpuset_mem_spread_rotor = -1,
  cpuset_slab_spread_rotor = -1,
  cgroups = 0xffffffff8710a240 <init_css_set>,
  cg_list = {
    next = 0xffff8cbad8aacce0,
    prev = 0xffff8cbad8aacce0
  },
  closid = 0,
  rmid = 0,
  robust_list = 0x0,
  compat_robust_list = 0x0,
  pi_state_list = {
    next = 0xffff8cbad8aacd08,
    prev = 0xffff8cbad8aacd08
  },
  pi_state_cache = 0x0,
  futex_exit_mutex = {
    owner = {
      counter = 0
    },
    wait_lock = {
      {
        rlock = {
          raw_lock = {
            {
              val = {
                counter = 0
              },
              {
                locked = 0 '\000',
                pending = 0 '\000'
              },
              {
                locked_pending = 0,
                tail = 0
              }
            }
          }
        }
      }
    },
    osq = {
      tail = {
        counter = 0
      }
    },
    wait_list = {
      next = 0xffff8cbad8aacd30,
      prev = 0xffff8cbad8aacd30
    }
  },
  futex_state = 0,
  perf_event_ctxp = {0x0, 0x0},
  perf_event_mutex = {
    owner = {
      counter = 0
    },
    wait_lock = {
      {
        rlock = {
          raw_lock = {
            {
              val = {
                counter = 0
              },
              {
                locked = 0 '\000',
                pending = 0 '\000'
              },
              {
                locked_pending = 0,
                tail = 0
              }
            }
          }
        }
      }
    },
    osq = {
      tail = {
        counter = 0
      }
    },
    wait_list = {
      next = 0xffff8cbad8aacd68,
      prev = 0xffff8cbad8aacd68
    }
  },
  perf_event_list = {
    next = 0xffff8cbad8aacd78,
    prev = 0xffff8cbad8aacd78
  },
  mempolicy = 0xffff8cbac0151188,
  il_prev = 1,
  pref_node_fork = 0,
  numa_scan_seq = 0,
  numa_scan_period = 1000,
  numa_scan_period_max = 0,
  numa_preferred_nid = -1,
  numa_migrate_retry = 0,
  node_stamp = 0,
  last_task_numa_placement = 0,
  last_sum_exec_runtime = 0,
  numa_work = {
    next = 0xffff8cbad8aacdc8,
    func = 0x0
  },
  numa_group = 0x0,
  numa_faults = 0x0,
  total_numa_faults = 0,
  numa_faults_locality = {0, 0, 0},
  numa_pages_migrated = 0,
  rseq = 0x0,
  rseq_len = 0,
  rseq_sig = 0,
  rseq_event_mask = 1,
  tlb_ubc = {
    arch = {
      cpumask = {
        bits = {0, 0, 0, 0, 0, 0, 0, 0, 0, 0, 0, 0, 0, 0, 0, 0, 0, 0, 0, 0, 0, 0, 0, 0, 0, 0, 0, 0, 0, 0, 0, 0, 0, 0, 0, 0, 0, 0, 0, 0, 0, 0, 0, 0, 0, 0, 0, 0, 0, 0, 0, 0, 0, 0, 0, 0, 0, 0, 0, 0, 0, 0, 0, 0, 0, 0, 0, 0, 0, 0, 0, 0, 0, 0, 0, 0, 0, 0, 0, 0, 0, 0, 0, 0, 0, 0, 0, 0, 0, 0, 0, 0, 0, 0, 0, 0, 0, 0, 0, 0, 0, 0, 0, 0, 0, 0, 0, 0, 0, 0, 0, 0, 0, 0, 0, 0, 0, 0, 0, 0, 0, 0, 0, 0, 0, 0, 0, 0}
      }
    },
    flush_required = false,
    writable = false
  },
  {
    rcu_users = {
      refs = {
        counter = 2
      }
    },
    rcu = {
      next = 0x2,
      func = 0x0
    }
  },
  splice_pipe = 0x0,
  task_frag = {
    page = 0x0,
    offset = 0,
    size = 0
  },
  delays = 0xffff8d9a40025840,
  nr_dirtied = 0,
  nr_dirtied_pause = 32,
  dirty_paused_when = 0,
  timer_slack_ns = 50000,
  default_timer_slack_ns = 50000,
  curr_ret_stack = -1,
  curr_ret_depth = -1,
  ret_stack = 0x0,
  ftrace_timestamp = 0,
  trace_overrun = {
    counter = 0
  },
  tracing_graph_pause = {
    counter = 0
  },
  trace = 0,
  trace_recursion = 0,
  memcg_in_oom = 0x0,
  memcg_oom_gfp_mask = 0,
  memcg_oom_order = 0,
  memcg_nr_pages_over_high = 0,
  active_memcg = 0x0,
  throttle_queue = 0x0,
  utask = 0x0,
  sequential_io = 0,
  sequential_io_avg = 0,
  pagefault_disabled = 0,
  oom_reaper_list = 0x0,
  stack_vm_area = 0xffff8cbad8a8d980,
  stack_refcount = {
    counter = 1
  },
  patch_state = -1,
  security = 0x0,
  bpf_ctx = 0x0,
  task_iowait_count = 0,
  task_io_quirk = 0,
  iowait_flip_decay_ts = 0,
  task_io_record_ts = 0,
  preferred_io_cpumask = {
    bits = {0, 0, 0, 0, 0, 0, 0, 0, 0, 0, 0, 0, 0, 0, 0, 0, 0, 0, 0, 0, 0, 0, 0, 0, 0, 0, 0, 0, 0, 0, 0, 0, 0, 0, 0, 0, 0, 0, 0, 0, 0, 0, 0, 0, 0, 0, 0, 0, 0, 0, 0, 0, 0, 0, 0, 0, 0, 0, 0, 0, 0, 0, 0, 0, 0, 0, 0, 0, 0, 0, 0, 0, 0, 0, 0, 0, 0, 0, 0, 0, 0, 0, 0, 0, 0, 0, 0, 0, 0, 0, 0, 0, 0, 0, 0, 0, 0, 0, 0, 0, 0, 0, 0, 0, 0, 0, 0, 0, 0, 0, 0, 0, 0, 0, 0, 0, 0, 0, 0, 0, 0, 0, 0, 0, 0, 0, 0, 0}
  },
  qos_level = 0,
  interactive_app = 0,
  task_section_flag = 0,
  kabi_reserved1 = 0,
  {
    prefer_cpus = 0x0,
    ky_kabi_hidden_1296 = {
      kabi_reserved2 = 0
    },
    {<No data fields>}
  },
  {
    select_cpus = 0x0,
    ky_kabi_hidden_1297 = {
      kabi_reserved3 = 0
    },
    {<No data fields>}
  },
  kabi_reserved4 = 0,
  kabi_reserved5 = 0,
  {
    last_pipe_waketime = 0,
    ky_kabi_hidden_1304 = {
      kabi_reserved6 = 0
    },
    {<No data fields>}
  },
  kabi_reserved7 = 0,
  kabi_reserved8 = 0,
  {
    {
      ky_kabi_dummy = 0
    },
    ky_kabi_hidden_1310 = {
      rh_reserved = {0, 0, 0, 0, 0, 0, 0, 0, 0, 0, 0, 0, 0, 0, 0, 0, 0, 0, 0, 0, 0, 0, 0, 0, 0, 0, 0, 0, 0, 0, 0, 0, 0, 0, 0, 0, 0, 0, 0, 0, 0, 0, 0, 0, 0, 0, 0, 0, 0, 0, 0, 0, 0, 0, 0, 0, 0, 0, 0, 0, 0, 0, 0, 0}
    },
    {<No data fields>}
  },
  thread = {
    tls_array = {{
        limit0 = 0,
        base0 = 0,
        base1 = 0,
        type = 0,
        s = 0,
        dpl = 0,
        p = 0,
        limit1 = 0,
        avl = 0,
        l = 0,
        d = 0,
        g = 0,
        base2 = 0
      }, {
        limit0 = 0,
        base0 = 0,
        base1 = 0,
        type = 0,
        s = 0,
        dpl = 0,
        p = 0,
        limit1 = 0,
        avl = 0,
        l = 0,
        d = 0,
        g = 0,
        base2 = 0
      }, {
        limit0 = 0,
        base0 = 0,
        base1 = 0,
        type = 0,
        s = 0,
        dpl = 0,
        p = 0,
        limit1 = 0,
        avl = 0,
        l = 0,
        d = 0,
        g = 0,
        base2 = 0
      }},
    sp = 18446643901526375984,
    es = 0,
    ds = 0,
    fsindex = 0,
    gsindex = 0,
    fsbase = 0,
    gsbase = 0,
    ptrace_bps = {0x0, 0x0, 0x0, 0x0},
    debugreg6 = 0,
    ptrace_dr7 = 0,
    cr2 = 1708881351,
    trap_nr = 14,
    error_code = 2,
    io_bitmap_ptr = 0x0,
    iopl = 0,
    io_bitmap_max = 0,
    addr_limit = {
      seg = 18446744073709551615
    },
    sig_on_uaccess_err = 0,
    uaccess_err = 0,
    fpu = {
      last_cpu = 4294967295,
      initialized = 0 '\000',
      state = {
        fsave = {
          cwd = 0,
          swd = 0,
          twd = 0,
          fip = 0,
          fcs = 0,
          foo = 0,
          fos = 0,
          st_space = {0, 0, 0, 0, 0, 0, 0, 0, 0, 0, 0, 0, 0, 0, 0, 0, 0, 0, 0, 0},
          status = 0
        },
        fxsave = {
          cwd = 0,
          swd = 0,
          twd = 0,
          fop = 0,
          {
            {
              rip = 0,
              rdp = 0
            },
            {
              fip = 0,
              fcs = 0,
              foo = 0,
              fos = 0
            }
          },
          mxcsr = 0,
          mxcsr_mask = 0,
          st_space = {0, 0, 0, 0, 0, 0, 0, 0, 0, 0, 0, 0, 0, 0, 0, 0, 0, 0, 0, 0, 0, 0, 0, 0, 0, 0, 0, 0, 0, 0, 0, 0},
          xmm_space = {0, 0, 0, 0, 0, 0, 0, 0, 0, 0, 0, 0, 0, 0, 0, 0, 0, 0, 0, 0, 0, 0, 0, 0, 0, 0, 0, 0, 0, 0, 0, 0, 0, 0, 0, 0, 0, 0, 0, 0, 0, 0, 0, 0, 0, 0, 0, 0, 0, 0, 0, 0, 0, 0, 0, 0, 0, 0, 0, 0, 0, 0, 0, 0},
          padding = {0, 0, 0, 0, 0, 0, 0, 0, 0, 0, 0, 0},
          {
            padding1 = {0, 0, 0, 0, 0, 0, 0, 0, 0, 0, 0, 0},
            sw_reserved = {0, 0, 0, 0, 0, 0, 0, 0, 0, 0, 0, 0}
          }
        },
        soft = {
          cwd = 0,
          swd = 0,
          twd = 0,
          fip = 0,
          fcs = 0,
          foo = 0,
          fos = 0,
          st_space = {0, 0, 0, 0, 0, 0, 0, 0, 0, 0, 0, 0, 0, 0, 0, 0, 0, 0, 0, 0},
          ftop = 0 '\000',
          changed = 0 '\000',
          lookahead = 0 '\000',
          no_update = 0 '\000',
          rm = 0 '\000',
          alimit = 0 '\000',
          info = 0x0,
          entry_eip = 0
        },
        xsave = {
          i387 = {
            cwd = 0,
            swd = 0,
            twd = 0,
            fop = 0,
            {
              {
                rip = 0,
                rdp = 0
              },
              {
                fip = 0,
                fcs = 0,
                foo = 0,
                fos = 0
              }
            },
            mxcsr = 0,
            mxcsr_mask = 0,
            st_space = {0, 0, 0, 0, 0, 0, 0, 0, 0, 0, 0, 0, 0, 0, 0, 0, 0, 0, 0, 0, 0, 0, 0, 0, 0, 0, 0, 0, 0, 0, 0, 0},
            xmm_space = {0, 0, 0, 0, 0, 0, 0, 0, 0, 0, 0, 0, 0, 0, 0, 0, 0, 0, 0, 0, 0, 0, 0, 0, 0, 0, 0, 0, 0, 0, 0, 0, 0, 0, 0, 0, 0, 0, 0, 0, 0, 0, 0, 0, 0, 0, 0, 0, 0, 0, 0, 0, 0, 0, 0, 0, 0, 0, 0, 0, 0, 0, 0, 0},
            padding = {0, 0, 0, 0, 0, 0, 0, 0, 0, 0, 0, 0},
            {
              padding1 = {0, 0, 0, 0, 0, 0, 0, 0, 0, 0, 0, 0},
              sw_reserved = {0, 0, 0, 0, 0, 0, 0, 0, 0, 0, 0, 0}
            }
          },
          header = {
            xfeatures = 0,
            xcomp_bv = 0,
            reserved = {0, 0, 0, 0, 0, 0}
          },
          extended_state_area = 0xffff8cbad8aadd00 ""
        },
        __padding = "\000\000\000\000\000\000\000\000\000\000\000\000\000\000\000\000\000\000\000\000\000\000\000\000\000\000\000\000\000\000\000\000\000\000\000\000\000\000\000\000\000\000\000\000\000\000\000\000\000\000\000\000\000\000\000\000\000\000\000\000\000\000\000\000\000\000\000\000\000\000\000\000\000\000\000\000\000\000\000\000\000\000\000\000\000\000\000\000\000\000\000\000\000\000\000\000\000\000\000\000\000\000\000\000\000\000\000\000\000\000\000\000\000\000\000\000\000\000\000\000\000\000\000\000\000\000\000\000\000\000\000\000\000\000\000\000\000\000\000\000\000\000\000\000\000\000\000\000\000\000\000\000\000\000\000\000\000\000\000\000\000\000\000\000\000\000\000\000\000\000\000\000\000\000\000\000\000\000\000\000\000\000\000\000\000\000\000\000\000\000\000\000\000\000\000\000\000\000\000\000\000\000\000\000\000\000\000\000\000\000\000\000\000\000\000\000\000\000\000\000\000\000\000\000\000\000\000\000\000\000\000\000\000\000\000\000\000\000\000\000\000\000\000\000\000\000\000\000\000\000\000\000\000\000\000\000\000\000\000\000\000\000\000\000\000\000\000\000\000\000\000\000\000\000\000\000\000\000\000\000\000\000\000\000\000\000\000\000\000\000\000\000\000\000\000\000\000\000\000\000\000\000\000\000\000\000\000\000\000\000\000\000\000\000\000\000\000\000\000\000\000\000\000\000\000\000\000\000\000\000\000\000\000\000\000\000\000\000\000\000\000\000\000\000\000\000\000\000\000\000\000\000\000\000\000\000\000\000\000\000\000\000\000\000\000\000\000\000\000\000\000\000\000\000\000\000\000\000\000\000\000\000\000\000\000\000\000\000\000\000\000\000\000\000\000\000\000\000\000\000\000\000\000\000\000\000\000\000\000\000\000\000\000\000\000\000\000\000\000\000\000\000\000\000\000\000\000\000\000\000\000\000\000\000\000\000\000\000\000\000\000\000\000\000\000\000\000\000\000\000\000\000\000\000\000\000\000\000\000\000\000\000\000\000\000\000\000\000\000\000\000\000\000\000\000\000\000\000\000\000\000\000\000\000\000\000\000\000\000\000\000\000\000\000\000\000\000\000\000\000\000\000\000\000\000\000\000\000\000\000\000\000\000\000\000\000\000\000\000\000\000\000\000\000\000\000\000\000\000\000\000\000\000\000\000\000\000\000\000\000\000\000\000\000\000\000\000\000\000\000\000\000\000\000\000\000\000\000\000\000\000\000\000\000\000\000\000\000\000\000\000\000\000\000\000\000\000\000\000\000\000\000\000\000\000\000\000\000\000\000\000\000\000\000\000\000\000\000\000\000\000\000\000\000\000\000\000\000\000\000\000\000\000\000\000\000\000\000\000\000\000\000\000\000\000\000\000\000\000\000\000\000\000\000\000\000\000\000\000\000\000\000\000\000\000\000\000\000\000\000\000\000\000\000\000\000\000\000\000\000\000\000\000\000\000\000\000\000\000\000\000\000\000\000\000\000\000\000\000\000\000\000\000\000\000\000\000\000\000\000\000\000\000\000\000\000\000\000\000\000\000\000\000\000\000\000\000\000\000\000\000\000\000\000\000\000\000\000\000\000\000\000\000\000\000\000\000\000\000\000\000\000\000\000\000\000\000\000\000\000\000\000\000\000\000\000\000\000\000\000\000\000\000\000\000\000\000\000\000\000\000\000\000\000\000\000\000\000\000\000\000\000\000\000\000\000\000\000\000\000\000\000\000\000\000\000\000\000\000\000\000\000\000\000\000\000\000\000\000\000\000\000\000\000\000\000\000\000\000\000\000\000\000\000\000\000\000\000\000\000\000\000\000\000\000\000\000\000\000\000\000\000\000\000\000\000\000\000\000\000\000\000\000\000\000\000\000\000\000\000\000\000\000\000\000\000\000\000\000\000\000\000\000\000\000\000\000\000\000\000\000\000\000\000\000\000\000\000\000\000\000\000\000\000\000\000\000\000\000\000\000\000\000\000\000\000\000\000\000\000\000\000\000\000\000\000\000\000\000\000\000\000\000\000\000\000\000\000\000\000\000\000\000\000\000\000\000\000\000\000\000\000\000\000\000\000\000\000\000\000\000\000\000\000\000\000\000\000\000\000\000\000\000\000\000\000\000\000\000\000\000\000"...
      }
    }
  }
}
```

### 步骤 12: LLM 分析

**推理过程**:

Executor audit: unresolved x86 page-fault access-type contradiction. Oops 0x0002 decodes to write fault, but the candidate instruction `mov    (%rax),%rax` is classified as read; RIP instruction `pause` must not be accepted as a complete explanation until this is reconciled. 1) The task_struct appears valid. The flags at offset 0 (thread_info.flags) is 2149580808, not 1. The saved RAX is 1, which does not match the flags. So the saved RAX is not from that load. However, note that the saved RAX is from the exception frame, which might be the value of RAX before the fault, but after the fault, the hardware may have pushed the original RAX? The RAX saved should be the value before the fault. The faulting instruction mov (%rax),%rax would have RAX as the pointer, and after the fault, RAX is unchanged (still the pointer). But the saved RAX is 1. This suggests that RAX was 1 before the fault, meaning the mov %gs:0x1b440,%rax loaded 1? That's impossible because per-CPU current pointer is a kernel pointer. Unless the gs base is zero? Let's check the gs base for CPU7. The per-CPU offset we computed is correct. The gs base is per-CPU base + 0? Actually, the gs segment base for kernel is set to the per-CPU area. The offset 0x1b440 is added to the gs base. We read that address and got the correct current pointer. So the load should give ffff8cbad8aabf00. Therefore, RAX should be that value. But saved RAX is 1. This indicates that the saved RAX in the exception frame is not the value at fault time, or the exception frame has been overwritten? The stack dump shows the saved RAX at ffffa4e4d89afe50 is 1. That's consistent with the register dump. Something is off. 2) Let's examine the disassembly of the page fault handler to see if it modifies RAX before saving? Unlikely. 3) Another possibility: the faulting instruction is not mov (%rax),%rax but something else that uses a different register to hold the fault address. The CR2 is 0x65db75c7. Which register could hold that? Look at the saved registers: RDX is 0x0000e124e925bc44, RSI is 0x0000000040000219, RDI is ffff8cd9beff0ec0. None match. The fault address is not in the saved registers. That suggests the fault address came from memory, not a register, or the register was overwritten after the fault. 4) We need to look at the kernel stack for corruption. The stack pointer is ffffa4e4d89afeb0. The stack grows downwards. The exception frame is at higher addresses. Let's check the stack canary. The canary is usually at offset -8 from the stack pointer? In x86_64, the stack canary is stored at %gs:0x28. That's per-CPU. Let's read the canary for CPU7: %gs:0x28 offset from per-CPU base. Compute address: ffff8cd9befc0000 + 0x28 = ffff8cd9befc0028. Read that. Also, check if the stack is overflowed. 5) Also, the vmcore-dmesg shows network device toggling, which could be from a driver that does DMA. Could be a DMA corruption of the per-CPU area? But we saw per-CPU current pointer is correct. However, the gs base itself could be corrupted? The gs base is stored in the MSR (MSR_GS_BASE). We cannot read that from crash. But we can infer from the per-CPU offset we computed. 6) Next action: read the stack canary and also check the kernel stack for any signs of overflow or corruption. Also, we might need to look at the kernel log for any warnings or errors before the panic. Use log -m to search for warnings.

**早期签名类**: pointer_corruption

**最终根因类**: unknown

**转储完整性**: partial

**执行动作**: log
**参数**: -m

### 步骤 13: 工具执行结果

**工具名称**: log

**执行结果**:

```
[    0.000000] <6>Linux version 4.19.90-89.20.v2401.ky10.x86_64 (root@9a7819e5a653) (gcc version 7.3.0 (GCC)) #1 SMP Mon Mar 3 06:07:41 UTC 2025
[    0.000000] <6>Command line: BOOT_IMAGE=/vmlinuz-4.19.90-89.20.v2401.ky10.x86_64 root=/dev/mapper/VolGroup00-LVroot ro resume=/dev/mapper/VolGroup00-LVswap rd.lvm.lv=VolGroup00/LVroot rd.lvm.lv=VolGroup00/LVswap biosdevname=0 net.ifnames=1 rhgb quiet selinux=0 console=tty0 crashkernel=1024M,high audit=0 console=ttyS0,115200n8 qla2xxx.ql2xnvmeenable=0 iommu=pt nmi_watchdog=1 idle=poll intel_idle.max_cstate=0 transparent_hugepage=never ipmi_si.kipmid_max_busy_us=100 nopti noibrs noretp spectre_v2=off nohz=off
[    0.000000] <6>x86/fpu: Supporting XSAVE feature 0x001: 'x87 floating point registers'
[    0.000000] <6>x86/fpu: Supporting XSAVE feature 0x002: 'SSE registers'
[    0.000000] <6>x86/fpu: Supporting XSAVE feature 0x004: 'AVX registers'
[    0.000000] <6>x86/fpu: xstate_offset[2]:  576, xstate_sizes[2]:  256
[    0.000000] <6>x86/fpu: Enabled xstate features 0x7, context size is 832 bytes, using 'compacted' format.
[    0.000000] <6>BIOS-provided physical RAM map:
[    0.000000] <6>BIOS-e820: [mem 0x0000000000000000-0x000000000009cfff] usable
[    0.000000] <6>BIOS-e820: [mem 0x000000000009d000-0x00000000000fffff] reserved
[    0.000000] <6>BIOS-e820: [mem 0x0000000000100000-0x00000000705eafff] usable
[    0.000000] <6>BIOS-e820: [mem 0x00000000705eb000-0x000000007a765fff] reserved
[    0.000000] <6>BIOS-e820: [mem 0x000000007a766000-0x000000007a7bdfff] ACPI NVS
[    0.000000] <6>BIOS-e820: [mem 0x000000007a7be000-0x000000007a7fdfff] ACPI data
[    0.000000] <6>BIOS-e820: [mem 0x000000007a7fe000-0x000000007bffdfff] usable
[    0.000000] <6>BIOS-e820: [mem 0x000000007bffe000-0x000000007fffffff] reserved
[    0.000000] <6>BIOS-e820: [mem 0x00000000fed80000-0x00000000fed80fff] reserved
[    0.000000] <6>BIOS-e820: [mem 0x0000000100000000-0x000000207f37ffff] usable
[    0.000000] <6>BIOS-e820: [mem 0x000000207f380000-0x000000207fffffff] reserved
[    0.000000] <6>BIOS-e820: [mem 0x0000002080000000-0x000000407ff7ffff] usable
[    0.000000] <6>BIOS-e820: [mem 0x000000407ff80000-0x000000407fffffff] reserved
[    0.000000] <6>BIOS-e820: [mem 0x0000004080000000-0x000000607ff7ffff] usable
[    0.000000] <6>BIOS-e820: [mem 0x000000607ff80000-0x000000607fffffff] reserved
[    0.000000] <6>BIOS-e820: [mem 0x0000006080000000-0x000000807ff7ffff] usable
[    0.000000] <6>BIOS-e820: [mem 0x000000807ff80000-0x000000807fffffff] reserved
[    0.000000] <6>BIOS-e820: [mem 0x0000008080000000-0x000000a07ff7ffff] usable
[    0.000000] <6>BIOS-e820: [mem 0x000000a07ff80000-0x000000a07fffffff] reserved
[    0.000000] <6>BIOS-e820: [mem 0x000000a080000000-0x000000c07ff7ffff] usable
[    0.000000] <6>BIOS-e820: [mem 0x000000c07ff80000-0x000000c07fffffff] reserved
[    0.000000] <6>BIOS-e820: [mem 0x000000c080000000-0x000000e07ff7ffff] usable
[    0.000000] <6>BIOS-e820: [mem 0x000000e07ff80000-0x000000e07fffffff] reserved
[    0.000000] <6>BIOS-e820: [mem 0x000000e080000000-0x000000fcffffffff] usable
[    0.000000] <6>BIOS-e820: [mem 0x000000fd00000000-0x000000ffffffffff] reserved
[    0.000000] <6>BIOS-e820: [mem 0x0000010000000000-0x000001007ff7ffff] usable
[    0.000000] <6>BIOS-e820: [mem 0x000001007ff80000-0x000001007fffffff] reserved
[    0.000000] <6>process: using polling idle threads
[    0.000000] <6>NX (Execute Disable) protection: active
[    0.000000] <6>e820: update [mem 0x6b67b018-0x6b697257] usable ==> usable
[    0.000000] <6>e820: update [mem 0x6b67b018-0x6b697257] usable ==> usable
[    0.000000] <6>e820: update [mem 0x6b65e018-0x6b67a257] usable ==> usable
[    0.000000] <6>e820: update [mem 0x6b65e018-0x6b67a257] usable ==> usable
[    0.000000] <6>e820: update [mem 0x6df5c018-0x6df64057] usable ==> usable
[    0.000000] <6>e820: update [mem 0x6df5c018-0x6df64057] usable ==> usable
[    0.000000] <6>e820: update [mem 0x6b5ee018-0x6b65d057] usable ==> usable
[    0.000000] <6>e820: update [mem 0x6b5ee018-0x6b65d057] usable ==> usable
[    0.000000] <6>e820: update [mem 0x2f32b018-0x2f39a057] usable ==> usable
[    0.000000] <6>e820: update [mem 0x2f32b018-0x2f39a057] usable ==> usable
[    0.000000] <6>e820: update [mem 0x6b5bc018-0x6b5eda57] usable ==> usable
[    0.000000] <6>e820: update [mem 0x6b5bc018-0x6b5eda57] usable ==> usable
[    0.000000] <6>e820: update [mem 0x6b59e018-0x6b5bb857] usable ==> usable
[    0.000000] <6>e820: update [mem 0x6b59e018-0x6b5bb857] usable ==> usable
[    0.000000] <6>e820: update [mem 0x2f30d018-0x2f32a857] usable ==> usable
[    0.000000] <6>e820: update [mem 0x2f30d018-0x2f32a857] usable ==> usable
[    0.000000] <6>e820: update [mem 0x2f29d018-0x2f30c057] usable ==> usable
[    0.000000] <6>e820: update [mem 0x2f29d018-0x2f30c057] usable ==> usable
[    0.000000] <6>e820: update [mem 0x2f22d018-0x2f29c057] usable ==> usable
[    0.000000] <6>e820: update [mem 0x2f22d018-0x2f29c057] usable ==> usable
[    0.000000] <6>e820: update [mem 0x2f20f018-0x2f22c857] usable ==> usable
[    0.000000] <6>e820: update [mem 0x2f20f018-0x2f22c857] usable ==> usable
[    0.000000] <6>e820: update [mem 0x2f1f1018-0x2f20e857] usable ==> usable
[    0.000000] <6>e820: update [mem 0x2f1f1018-0x2f20e857] usable ==> usable
[    0.000000] <6>extended physical RAM map:
[    0.000000] <6>reserve setup_data: [mem 0x0000000000000000-0x000000000009cfff] usable
[    0.000000] <6>reserve setup_data: [mem 0x000000000009d000-0x00000000000fffff] reserved
[    0.000000] <6>reserve setup_data: [mem 0x0000000000100000-0x000000002f1f1017] usable
[    0.000000] <6>reserve setup_data: [mem 0x000000002f1f1018-0x000000002f20e857] usable
[    0.000000] <6>reserve setup_data: [mem 0x000000002f20e858-0x000000002f20f017] usable
[    0.000000] <6>reserve setup_data: [mem 0x000000002f20f018-0x000000002f22c857] usable
[    0.000000] <6>reserve setup_data: [mem 0x000000002f22c858-0x000000002f22d017] usable
[    0.000000] <6>reserve setup_data: [mem 0x000000002f22d018-0x000000002f29c057] usable
[    0.000000] <6>reserve setup_data: [mem 0x000000002f29c058-0x000000002f29d017] usable
[    0.000000] <6>reserve setup_data: [mem 0x000000002f29d018-0x000000002f30c057] usable
[    0.000000] <6>reserve setup_data: [mem 0x000000002f30c058-0x000000002f30d017] usable
[    0.000000] <6>reserve setup_data: [mem 0x000000002f30d018-0x000000002f32a857] usable
[    0.000000] <6>reserve setup_data: [mem 0x000000002f32a858-0x000000002f32b017] usable
[    0.000000] <6>reserve setup_data: [mem 0x000000002f32b018-0x000000002f39a057] usable
[    0.000000] <6>reserve setup_data: [mem 0x000000002f39a058-0x000000006b59e017] usable
[    0.000000] <6>reserve setup_data: [mem 0x000000006b59e018-0x000000006b5bb857] usable
[    0.000000] <6>reserve setup_data: [mem 0x000000006b5bb858-0x000000006b5bc017] usable
[    0.000000] <6>reserve setup_data: [mem 0x000000006b5bc018-0x000000006b5eda57] usable
[    0.000000] <6>reserve setup_data: [mem 0x000000006b5eda58-0x000000006b5ee017] usable
[    0.000000] <6>reserve setup_data: [mem 0x000000006b5ee018-0x000000006b65d057] usable
[    0.000000] <6>reserve setup_data: [mem 0x000000006b65d058-0x000000006b65e017] usable
[    0.000000] <6>reserve setup_data: [mem 0x000000006b65e018-0x000000006b67a257] usable
[    0.000000] <6>reserve setup_data: [mem 0x000000006b67a258-0x000000006b67b017] usable
[    0.000000] <6>reserve setup_data: [mem 0x000000006b67b018-0x000000006b697257] usable
[    0.000000] <6>reserve setup_data: [mem 0x000000006b697258-0x000000006df5c017] usable
[    0.000000] <6>reserve setup_data: [mem 0x000000006df5c018-0x000000006df64057] usable
[    0.000000] <6>reserve setup_data: [mem 0x000000006df64058-0x00000000705eafff] usable
[    0.000000] <6>reserve setup_data: [mem 0x00000000705eb000-0x000000007a765fff] reserved
[    0.000000] <6>reserve setup_data: [mem 0x000000007a766000-0x000000007a7bdfff] ACPI NVS
[    0.000000] <6>reserve setup_data: [mem 0x000000007a7be000-0x000000007a7fdfff] ACPI data
[    0.000000] <6>reserve setup_data: [mem 0x000000007a7fe000-0x000000007bffdfff] usable
[    0.000000] <6>reserve setup_data: [mem 0x000000007bffe000-0x000000007fffffff] reserved
[    0.000000] <6>reserve setup_data: [mem 0x00000000fed80000-0x00000000fed80fff] reserved
[    0.000000] <6>reserve setup_data: [mem 0x0000000100000000-0x000000207f37ffff] usable
[    0.000000] <6>reserve setup_data: [mem 0x000000207f380000-0x000000207fffffff] reserved
[    0.000000] <6>reserve setup_data: [mem 0x0000002080000000-0x000000407ff7ffff] usable
[    0.000000] <6>reserve setup_data: [mem 0x000000407ff80000-0x000000407fffffff] reserved
[    0.000000] <6>reserve setup_data: [mem 0x0000004080000000-0x000000607ff7ffff] usable
[    0.000000] <6>reserve setup_data: [mem 0x000000607ff80000-0x000000607fffffff] reserved
[    0.000000] <6>reserve setup_data: [mem 0x0000006080000000-0x000000807ff7ffff] usable
[    0.000000] <6>reserve setup_data: [mem 0x000000807ff80000-0x000000807fffffff] reserved
[    0.000000] <6>reserve setup_data: [mem 0x0000008080000000-0x000000a07ff7ffff] usable
[    0.000000] <6>reserve setup_data: [mem 0x000000a07ff80000-0x000000a07fffffff] reserved
[    0.000000] <6>reserve setup_data: [mem 0x000000a080000000-0x000000c07ff7ffff] usable
[    0.000000] <6>reserve setup_data: [mem 0x000000c07ff80000-0x000000c07fffffff] reserved
[    0.000000] <6>reserve setup_data: [mem 0x000000c080000000-0x000000e07ff7ffff] usable
[    0.000000] <6>reserve setup_data: [mem 0x000000e07ff80000-0x000000e07fffffff] reserved
[    0.000000] <6>reserve setup_data: [mem 0x000000e080000000-0x000000fcffffffff] usable
[    0.000000] <6>reserve setup_data: [mem 0x000000fd00000000-0x000000ffffffffff] reserved
[    0.000000] <6>reserve setup_data: [mem 0x0000010000000000-0x000001007ff7ffff] usable
[    0.000000] <6>reserve setup_data: [mem 0x000001007ff80000-0x000001007fffffff] reserved
[    0.000000] <6>efi: EFI v2.70 by Byosoft
[    0.000000] <6>efi:  SMBIOS=0x7a760000  ACPI=0x7a7fd000  ACPI 2.0=0x7a7fd014  MEMATTR=0x6df65018 
[    0.000000] <6>SMBIOS 3.3 present.
[    0.000000] <6>DMI: Inspur CS5280H2/CS5280H2, BIOS 3.03.23 08/30/2023
[    0.000000] <6>tsc: Fast TSC calibration using PIT
[    0.000000] <6>tsc: Detected 2000.088 MHz processor
[    0.000659] <6>e820: update [mem 0x00000000-0x00000fff] usable ==> reserved
[    0.000660] <6>e820: remove [mem 0x000a0000-0x000fffff] usable
[    0.000678] <6>last_pfn = 0x1007ff80 max_arch_pfn = 0x400000000
[    0.000686] <6>MTRR default type: uncachable
[    0.000687] <6>MTRR fixed ranges enabled:
[    0.000688] <6>  00000-9FFFF write-back
[    0.000689] <6>  A0000-BFFFF write-through
[    0.000691] <6>  C0000-FFFFF uncachable
[    0.000691] <6>MTRR variable ranges enabled:
[    0.000693] <6>  0 base 000000000000 mask FFFF80000000 write-back
[    0.000694] <6>  1 disabled
[    0.000694] <6>  2 disabled
[    0.000695] <6>  3 disabled
[    0.000695] <6>  4 disabled
[    0.000695] <6>  5 disabled
[    0.000696] <6>  6 disabled
[    0.000697] <6>  7 base 0000FF000000 mask FFFFFF000000 write-protect
[    0.000698] <6>TOM2: 0000010080000000 aka 1050624M
[    0.001721] <6>x86/PAT: Configuration [0-7]: WB  WC  UC- UC  WB  WP  UC- WT  
[    0.001924] <6>last_pfn = 0x7bffe max_arch_pfn = 0x400000000
[    0.007898] <6>Using GB pages for direct mapping
[    0.009609] <6>Secure boot disabled
[    0.009612] <6>RAMDISK: [mem 0x2f39b000-0x319e1fff]
[    0.009618] <6>ACPI: Early table checksum verification disabled
[    0.009624] <6>ACPI: RSDP 0x000000007A7FD014 000024 (v02 _BYO_ )
[    0.009629] <6>ACPI: XSDT 0x000000007A7D2188 0000CC (v01 _BYO_  BYOSOFT  00000002 BYO  01000013)
[    0.009638] <6>ACPI: FACP 0x000000007A7F9000 000114 (v06 _BYO_  BYOSOFT  00000002 BYO  204F5942)
[    0.009645] <6>ACPI: DSDT 0x000000007A7EC000 00B5C3 (v02 _BYO_  Higon    00000001 INTL 20190215)
[    0.009649] <6>ACPI: FACS 0x000000007A79E000 000040
[    0.009652] <6>ACPI: SPMI 0x000000007A7FB000 000041 (v05 X86_HG EDK2     00000002      01000013)
[    0.009655] <6>ACPI: MCFG 0x000000007A7FA000 00003C (v01 _BYO_  BYOSOFT  00000002 BYO  204F5942)
[    0.009657] <6>ACPI: HPET 0x000000007A7F8000 000038 (v01 _BYO_  BYOSOFT  00000002 BYO  204F5942)
[    0.009660] <6>ACPI: SSDT 0x000000007A7D7000 0006AC (v02 _BYO_  BYOSOFT  00000002 BYO  204F5942)
[    0.009662] <6>ACPI: SSDT 0x000000007A7EA000 0006A4 (v01 HYGON  HGN CPU  00000001 HYGN 00000001)
[    0.009665] <6>ACPI: SRAT 0x000000007A7E9000 0009C0 (v03 HYGON  HGN SRAT 00000001 HYGN 00000001)
[    0.009668] <6>ACPI: MSCT 0x000000007A7E8000 00004E (v01 HYGON  HGN MSCT 00000000 HGN  00000001)
[    0.009670] <6>ACPI: SLIT 0x000000007A7E7000 00006C (v01 HYGON  HGN SLIT 00000001 HYGN 00000001)
[    0.009672] <6>ACPI: CRAT 0x000000007A7DF000 007700 (v01 HYGON  HGN CRAT 00000001 HYGN 00000001)
[    0.009675] <6>ACPI: CDIT 0x000000007A7DE000 000068 (v01 HYGON  HGN CDIT 00000001 HYGN 00000001)
[    0.009677] <6>ACPI: BERT 0x000000007A7DD000 000030 (v01 HYGON  HGN BERT 00000001 HGN  00000001)
[    0.009680] <6>ACPI: EINJ 0x000000007A7DB000 000150 (v01 HYGON  HGN EINJ 00000001 HGN  00000001)
[    0.009682] <6>ACPI: HEST 0x000000007A7DC000 0007DC (v01 HYGON  HGN HEST 00000001 HGN  00000001)
[    0.009684] <6>ACPI: SSDM 0x000000007A7DA000 000055 (v01 _BYO_  BYOSOFT  00000002 BYO  00000001)
[    0.009687] <6>ACPI: SPCR 0x000000007A7D9000 000050 (v01 _BYO_  BYOSOFT  00000002 BYO  204F5942)
[    0.009689] <6>ACPI: APIC 0x000000007A7D8000 0004B2 (v03 _BYO_  BYOSOFT  00000002 BYO  204F5942)
[    0.009692] <6>ACPI: SSDT 0x000000007A7EB000 0000D2 (v02 HYGON  HGN ALIB 00000002 MSFT 04000000)
[    0.009694] <6>ACPI: FPDT 0x000000007A7D6000 000034 (v01 _BYO_  BYOSOFT  00000002 BYO  01000013)
[    0.009696] <6>ACPI: SSDT 0x000000007A7D4000 00177F (v01 Hygon  CPMCMN   00000001 INTL 20190215)
[    0.009699] <6>ACPI: BGRT 0x000000007A7D3000 000038 (v01 _BYO_  BYOSOFT  00000002 BYO  01000013)
[    0.009702] <6>ACPI: Reserving FACP table memory at [mem 0x7a7f9000-0x7a7f9113]
[    0.009703] <6>ACPI: Reserving DSDT table memory at [mem 0x7a7ec000-0x7a7f75c2]
[    0.009705] <6>ACPI: Reserving FACS table memory at [mem 0x7a79e000-0x7a79e03f]
[    0.009706] <6>ACPI: Reserving SPMI table memory at [mem 0x7a7fb000-0x7a7fb040]
[    0.009707] <6>ACPI: Reserving MCFG table memory at [mem 0x7a7fa000-0x7a7fa03b]
[    0.009708] <6>ACPI: Reserving HPET table memory at [mem 0x7a7f8000-0x7a7f8037]
[    0.009709] <6>ACPI: Reserving SSDT table memory at [mem 0x7a7d7000-0x7a7d76ab]
[    0.009710] <6>ACPI: Reserving SSDT table memory at [mem 0x7a7ea000-0x7a7ea6a3]
[    0.009710] <6>ACPI: Reserving SRAT table memory at [mem 0x7a7e9000-0x7a7e99bf]
[    0.009711] <6>ACPI: Reserving MSCT table memory at [mem 0x7a7e8000-0x7a7e804d]
[    0.009712] <6>ACPI: Reserving SLIT table memory at [mem 0x7a7e7000-0x7a7e706b]
[    0.009713] <6>ACPI: Reserving CRAT table memory at [mem 0x7a7df000-0x7a7e66ff]
[    0.009714] <6>ACPI: Reserving CDIT table memory at [mem 0x7a7de000-0x7a7de067]
[    0.009715] <6>ACPI: Reserving BERT table memory at [mem 0x7a7dd000-0x7a7dd02f]
[    0.009715] <6>ACPI: Reserving EINJ table memory at [mem 0x7a7db000-0x7a7db14f]
[    0.009716] <6>ACPI: Reserving HEST table memory at [mem 0x7a7dc000-0x7a7dc7db]
[    0.009717] <6>ACPI: Reserving SSDM table memory at [mem 0x7a7da000-0x7a7da054]
[    0.009718] <6>ACPI: Reserving SPCR table memory at [mem 0x7a7d9000-0x7a7d904f]
[    0.009719] <6>ACPI: Reserving APIC table memory at [mem 0x7a7d8000-0x7a7d84b1]
[    0.009720] <6>ACPI: Reserving SSDT table memory at [mem 0x7a7eb000-0x7a7eb0d1]
[    0.009721] <6>ACPI: Reserving FPDT table memory at [mem 0x7a7d6000-0x7a7d6033]
[    0.009722] <6>ACPI: Reserving SSDT table memory at [mem 0x7a7d4000-0x7a7d577e]
[    0.009722] <6>ACPI: Reserving BGRT table memory at [mem 0x7a7d3000-0x7a7d3037]
[    0.009734] <6>ACPI: Local APIC address 0xfee00000
[    0.009786] <6>SRAT: PXM 0 -> APIC 0x00 -> Node 0
[    0.009787] <6>SRAT: PXM 0 -> APIC 0x01 -> Node 0
[    0.009788] <6>SRAT: PXM 0 -> APIC 0x02 -> Node 0
[    0.009788] <6>SRAT: PXM 0 -> APIC 0x03 -> Node 0
[    0.009789] <6>SRAT: PXM 0 -> APIC 0x04 -> Node 0
[    0.009790] <6>SRAT: PXM 0 -> APIC 0x05 -> Node 0
[    0.009790] <6>SRAT: PXM 0 -> APIC 0x06 -> Node 0
[    0.009791] <6>SRAT: PXM 0 -> APIC 0x07 -> Node 0
[    0.009791] <6>SRAT: PXM 0 -> APIC 0x08 -> Node 0
[    0.009792] <6>SRAT: PXM 0 -> APIC 0x09 -> Node 0
[    0.009792] <6>SRAT: PXM 0 -> APIC 0x0a -> Node 0
[    0.009793] <6>SRAT: PXM 0 -> APIC 0x0b -> Node 0
[    0.009794] <6>SRAT: PXM 0 -> APIC 0x0c -> Node 0
[    0.009794] <6>SRAT: PXM 0 -> APIC 0x0d -> Node 0
[    0.009795] <6>SRAT: PXM 0 -> APIC 0x0e -> Node 0
[    0.009795] <6>SRAT: PXM 0 -> APIC 0x0f -> Node 0
[    0.009796] <6>SRAT: PXM 1 -> APIC 0x10 -> Node 1
[    0.009797] <6>SRAT: PXM 1 -> APIC 0x11 -> Node 1
[    0.009797] <6>SRAT: PXM 1 -> APIC 0x12 -> Node 1
[    0.009798] <6>SRAT: PXM 1 -> APIC 0x13 -> Node 1
[    0.009798] <6>SRAT: PXM 1 -> APIC 0x14 -> Node 1
[    0.009799] <6>SRAT: PXM 1 -> APIC 0x15 -> Node 1
[    0.009799] <6>SRAT: PXM 1 -> APIC 0x16 -> Node 1
[    0.009800] <6>SRAT: PXM 1 -> APIC 0x17 -> Node 1
[    0.009801] <6>SRAT: PXM 1 -> APIC 0x18 -> Node 1
[    0.009801] <6>SRAT: PXM 1 -> APIC 0x19 -> Node 1
[    0.009802] <6>SRAT: PXM 1 -> APIC 0x1a -> Node 1
[    0.009802] <6>SRAT: PXM 1 -> APIC 0x1b -> Node 1
[    0.009803] <6>SRAT: PXM 1 -> APIC 0x1c -> Node 1
[    0.009803] <6>SRAT: PXM 1 -> APIC 0x1d -> Node 1
[    0.009804] <6>SRAT: PXM 1 -> APIC 0x1e -> Node 1
[    0.009804] <6>SRAT: PXM 1 -> APIC 0x1f -> Node 1
[    0.009805] <6>SRAT: PXM 2 -> APIC 0x20 -> Node 2
[    0.009806] <6>SRAT: PXM 2 -> APIC 0x21 -> Node 2
[    0.009806] <6>SRAT: PXM 2 -> APIC 0x22 -> Node 2
[    0.009807] <6>SRAT: PXM 2 -> APIC 0x23 -> Node 2
[    0.009807] <6>SRAT: PXM 2 -> APIC 0x24 -> Node 2
[    0.009808] <6>SRAT: PXM 2 -> APIC 0x25 -> Node 2
[    0.009808] <6>SRAT: PXM 2 -> APIC 0x26 -> Node 2
[    0.009809] <6>SRAT: PXM 2 -> APIC 0x27 -> Node 2
[    0.009810] <6>SRAT: PXM 2 -> APIC 0x28 -> Node 2
[    0.009810] <6>SRAT: PXM 2 -> APIC 0x29 -> Node 2
[    0.009811] <6>SRAT: PXM 2 -> APIC 0x2a -> Node 2
[    0.009811] <6>SRAT: PXM 2 -> APIC 0x2b -> Node 2
[    0.009812] <6>SRAT: PXM 2 -> APIC 0x2c -> Node 2
[    0.009812] <6>SRAT: PXM 2 -> APIC 0x2d -> Node 2
[    0.009813] <6>SRAT: PXM 2 -> APIC 0x2e -> Node 2
[    0.009813] <6>SRAT: PXM 2 -> APIC 0x2f -> Node 2
[    0.009814] <6>SRAT: PXM 3 -> APIC 0x30 -> Node 3
[    0.009815] <6>SRAT: PXM 3 -> APIC 0x31 -> Node 3
[    0.009815] <6>SRAT: PXM 3 -> APIC 0x32 -> Node 3
[    0.009816] <6>SRAT: PXM 3 -> APIC 0x33 -> Node 3
[    0.009816] <6>SRAT: PXM 3 -> APIC 0x34 -> Node 3
[    0.009817] <6>SRAT: PXM 3 -> APIC 0x35 -> Node 3
[    0.009817] <6>SRAT: PXM 3 -> APIC 0x36 -> Node 3
[    0.009818] <6>SRAT: PXM 3 -> APIC 0x37 -> Node 3
[    0.009818] <6>SRAT: PXM 3 -> APIC 0x38 -> Node 3
[    0.009819] <6>SRAT: PXM 3 -> APIC 0x39 -> Node 3
[    0.009820] <6>SRAT: PXM 3 -> APIC 0x3a -> Node 3
[    0.009820] <6>SRAT: PXM 3 -> APIC 0x3b -> Node 3
[    0.009821] <6>SRAT: PXM 3 -> APIC 0x3c -> Node 3
[    0.009821] <6>SRAT: PXM 3 -> APIC 0x3d -> Node 3
[    0.009822] <6>SRAT: PXM 3 -> APIC 0x3e -> Node 3
[    0.009822] <6>SRAT: PXM 3 -> APIC 0x3f -> Node 3
[    0.009823] <6>SRAT: PXM 4 -> APIC 0x40 -> Node 4
[    0.009823] <6>SRAT: PXM 4 -> APIC 0x41 -> Node 4
[    0.009824] <6>SRAT: PXM 4 -> APIC 0x42 -> Node 4
[    0.009825] <6>SRAT: PXM 4 -> APIC 0x43 -> Node 4
[    0.009825] <6>SRAT: PXM 4 -> APIC 0x44 -> Node 4
[    0.009826] <6>SRAT: PXM 4 -> APIC 0x45 -> Node 4
[    0.009826] <6>SRAT: PXM 4 -> APIC 0x46 -> Node 4
[    0.009827] <6>SRAT: PXM 4 -> APIC 0x47 -> Node 4
[    0.009827] <6>SRAT: PXM 4 -> APIC 0x48 -> Node 4
[    0.009828] <6>SRAT: PXM 4 -> APIC 0x49 -> Node 4
[    0.009828] <6>SRAT: PXM 4 -> APIC 0x4a -> Node 4
[    0.009829] <6>SRAT: PXM 4 -> APIC 0x4b -> Node 4
[    0.009829] <6>SRAT: PXM 4 -> APIC 0x4c -> Node 4
[    0.009830] <6>SRAT: PXM 4 -> APIC 0x4d -> Node 4
[    0.009831] <6>SRAT: PXM 4 -> APIC 0x4e -> Node 4
[    0.009831] <6>SRAT: PXM 4 -> APIC 0x4f -> Node 4
[    0.009832] <6>SRAT: PXM 5 -> APIC 0x50 -> Node 5
[    0.009832] <6>SRAT: PXM 5 -> APIC 0x51 -> Node 5
[    0.009833] <6>SRAT: PXM 5 -> APIC 0x52 -> Node 5
[    0.009833] <6>SRAT: PXM 5 -> APIC 0x53 -> Node 5
[    0.009834] <6>SRAT: PXM 5 -> APIC 0x54 -> Node 5
[    0.009835] <6>SRAT: PXM 5 -> APIC 0x55 -> Node 5
[    0.009835] <6>SRAT: PXM 5 -> APIC 0x56 -> Node 5
[    0.009836] <6>SRAT: PXM 5 -> APIC 0x57 -> Node 5
[    0.009836] <6>SRAT: PXM 5 -> APIC 0x58 -> Node 5
[    0.009837] <6>SRAT: PXM 5 -> APIC 0x59 -> Node 5
[    0.009837] <6>SRAT: PXM 5 -> APIC 0x5a -> Node 5
[    0.009838] <6>SRAT: PXM 5 -> APIC 0x5b -> Node 5
[    0.009838] <6>SRAT: PXM 5 -> APIC 0x5c -> Node 5
[    0.009839] <6>SRAT: PXM 5 -> APIC 0x5d -> Node 5
[    0.009840] <6>SRAT: PXM 5 -> APIC 0x5e -> Node 5
[    0.009840] <6>SRAT: PXM 5 -> APIC 0x5f -> Node 5
[    0.009841] <6>SRAT: PXM 6 -> APIC 0x60 -> Node 6
[    0.009841] <6>SRAT: PXM 6 -> APIC 0x61 -> Node 6
[    0.009842] <6>SRAT: PXM 6 -> APIC 0x62 -> Node 6
[    0.009842] <6>SRAT: PXM 6 -> APIC 0x63 -> Node 6
[    0.009843] <6>SRAT: PXM 6 -> APIC 0x64 -> Node 6
[    0.009843] <6>SRAT: PXM 6 -> APIC 0x65 -> Node 6
[    0.009844] <6>SRAT: PXM 6 -> APIC 0x66 -> Node 6
[    0.009845] <6>SRAT: PXM 6 -> APIC 0x67 -> Node 6
[    0.009845] <6>SRAT: PXM 6 -> APIC 0x68 -> Node 6
[    0.009846] <6>SRAT: PXM 6 -> APIC 0x69 -> Node 6
[    0.009846] <6>SRAT: PXM 6 -> APIC 0x6a -> Node 6
[    0.009847] <6>SRAT: PXM 6 -> APIC 0x6b -> Node 6
[    0.009847] <6>SRAT: PXM 6 -> APIC 0x6c -> Node 6
[    0.009848] <6>SRAT: PXM 6 -> APIC 0x6d -> Node 6
[    0.009848] <6>SRAT: PXM 6 -> APIC 0x6e -> Node 6
[    0.009849] <6>SRAT: PXM 6 -> APIC 0x6f -> Node 6
[    0.009850] <6>SRAT: PXM 7 -> APIC 0x70 -> Node 7
[    0.009850] <6>SRAT: PXM 7 -> APIC 0x71 -> Node 7
[    0.009851] <6>SRAT: PXM 7 -> APIC 0x72 -> Node 7
[    0.009851] <6>SRAT: PXM 7 -> APIC 0x73 -> Node 7
[    0.009852] <6>SRAT: PXM 7 -> APIC 0x74 -> Node 7
[    0.009852] <6>SRAT: PXM 7 -> APIC 0x75 -> Node 7
[    0.009853] <6>SRAT: PXM 7 -> APIC 0x76 -> Node 7
[    0.009853] <6>SRAT: PXM 7 -> APIC 0x77 -> Node 7
[    0.009854] <6>SRAT: PXM 7 -> APIC 0x78 -> Node 7
[    0.009855] <6>SRAT: PXM 7 -> APIC 0x79 -> Node 7
[    0.009855] <6>SRAT: PXM 7 -> APIC 0x7a -> Node 7
[    0.009856] <6>SRAT: PXM 7 -> APIC 0x7b -> Node 7
[    0.009856] <6>SRAT: PXM 7 -> APIC 0x7c -> Node 7
[    0.009857] <6>SRAT: PXM 7 -> APIC 0x7d -> Node 7
[    0.009857] <6>SRAT: PXM 7 -> APIC 0x7e -> Node 7
[    0.009858] <6>SRAT: PXM 7 -> APIC 0x7f -> Node 7
[    0.009862] <6>ACPI: SRAT: Node 0 PXM 0 [mem 0x00000000-0x0009ffff]
[    0.009863] <6>ACPI: SRAT: Node 0 PXM 0 [mem 0x00100000-0x7fffffff]
[    0.009864] <6>ACPI: SRAT: Node 0 PXM 0 [mem 0x100000000-0x207fffffff]
[    0.009865] <6>ACPI: SRAT: Node 1 PXM 1 [mem 0x2080000000-0x407fffffff]
[    0.009865] <6>ACPI: SRAT: Node 2 PXM 2 [mem 0x4080000000-0x607fffffff]
[    0.009866] <6>ACPI: SRAT: Node 3 PXM 3 [mem 0x6080000000-0x807fffffff]
[    0.009867] <6>ACPI: SRAT: Node 4 PXM 4 [mem 0x8080000000-0xa07fffffff]
[    0.009868] <6>ACPI: SRAT: Node 5 PXM 5 [mem 0xa080000000-0xc07fffffff]
[    0.009868] <6>ACPI: SRAT: Node 6 PXM 6 [mem 0xc080000000-0xe07fffffff]
[    0.009869] <6>ACPI: SRAT: Node 7 PXM 7 [mem 0xe080000000-0x1007fffffff]
[    0.009877] <6>NUMA: Initialized distance table, cnt=8
[    0.009880] <6>NUMA: Node 0 [mem 0x00000000-0x0009ffff] + [mem 0x00100000-0x7fffffff] -> [mem 0x00000000-0x7fffffff]
[    0.009881] <6>NUMA: Node 0 [mem 0x00000000-0x7fffffff] + [mem 0x100000000-0x207fffffff] -> [mem 0x00000000-0x207fffffff]
[    0.009900] <6>NODE_DATA(0) allocated [mem 0x207f355000-0x207f37ffff]
[    0.009914] <6>NODE_DATA(1) allocated [mem 0x407ff55000-0x407ff7ffff]
[    0.009932] <6>NODE_DATA(2) allocated [mem 0x607ff55000-0x607ff7ffff]
[    0.009951] <6>NODE_DATA(3) allocated [mem 0x807ff55000-0x807ff7ffff]
[    0.009969] <6>NODE_DATA(4) allocated [mem 0xa07ff55000-0xa07ff7ffff]
[    0.009995] <6>NODE_DATA(5) allocated [mem 0xc07ff55000-0xc07ff7ffff]
[    0.010020] <6>NODE_DATA(6) allocated [mem 0xe07ff55000-0xe07ff7ffff]
[    0.010043] <6>NODE_DATA(7) allocated [mem 0x1007ff54000-0x1007ff7efff]
[    0.010194] <6>kexec_core: Reserving 256MB of low memory at 1456MB for crashkernel (System low RAM: 1821MB)
[    0.010196] <6>Reserving 1024MB of memory at 1049584MB for crashkernel (System RAM: 1036045MB)
[    0.012069] <6>Zone ranges:
[    0.012070] <6>  DMA      [mem 0x0000000000001000-0x0000000000ffffff]
[    0.012072] <6>  DMA32    [mem 0x0000000001000000-0x00000000ffffffff]
[    0.012073] <6>  Normal   [mem 0x0000000100000000-0x000001007ff7ffff]
[    0.012074] <6>  Device   empty
[    0.012075] <6>Movable zone start for each node
[    0.012079] <6>Early memory node ranges
[    0.012079] <6>  node   0: [mem 0x0000000000001000-0x000000000009cfff]
[    0.012080] <6>  node   0: [mem 0x0000000000100000-0x00000000705eafff]
[    0.012081] <6>  node   0: [mem 0x000000007a7fe000-0x000000007bffdfff]
[    0.012081] <6>  node   0: [mem 0x0000000100000000-0x000000207f37ffff]
[    0.012082] <6>  node   1: [mem 0x0000002080000000-0x000000407ff7ffff]
[    0.012082] <6>  node   2: [mem 0x0000004080000000-0x000000607ff7ffff]
[    0.012083] <6>  node   3: [mem 0x0000006080000000-0x000000807ff7ffff]
[    0.012084] <6>  node   4: [mem 0x0000008080000000-0x000000a07ff7ffff]
[    0.012084] <6>  node   5: [mem 0x000000a080000000-0x000000c07ff7ffff]
[    0.012085] <6>  node   6: [mem 0x000000c080000000-0x000000e07ff7ffff]
[    0.012085] <6>  node   7: [mem 0x000000e080000000-0x000000fcffffffff]
[    0.012086] <6>  node   7: [mem 0x0000010000000000-0x000001007ff7ffff]
[    0.013403] <4>Zeroed struct page in unavailable ranges: 62073 pages
[    0.013405] <6>Initmem setup node 0 [mem 0x0000000000001000-0x000000207f37ffff]
[    0.013407] <6>On node 0 totalpages: 33493255
[    0.013408] <6>  DMA zone: 64 pages used for memmap
[    0.013409] <6>  DMA zone: 21 pages reserved
[    0.013410] <6>  DMA zone: 3996 pages, LIFO batch:0
[    0.013532] <6>  DMA32 zone: 7224 pages used for memmap
[    0.013533] <6>  DMA32 zone: 462315 pages, LIFO batch:63
[    0.033179] <6>  Normal zone: 516046 pages used for memmap
[    0.033182] <6>  Normal zone: 33026944 pages, LIFO batch:63
[    0.034135] <6>Initmem setup node 1 [mem 0x0000002080000000-0x000000407ff7ffff]
[    0.034137] <6>On node 1 totalpages: 33554304
[    0.034138] <6>  Normal zone: 524286 pages used for memmap
[    0.034139] <6>  Normal zone: 33554304 pages, LIFO batch:63
[    0.035084] <6>Initmem setup node 2 [mem 0x0000004080000000-0x000000607ff7ffff]
[    0.035085] <6>On node 2 totalpages: 33554304
[    0.035087] <6>  Normal zone: 524286 pages used for memmap
[    0.035087] <6>  Normal zone: 33554304 pages, LIFO batch:63
[    0.036048] <6>Initmem setup node 3 [mem 0x0000006080000000-0x000000807ff7ffff]
[    0.036050] <6>On node 3 totalpages: 33554304
[    0.036052] <6>  Normal zone: 524286 pages used for memmap
[    0.036052] <6>  Normal zone: 33554304 pages, LIFO batch:63
[    0.036998] <6>Initmem setup node 4 [mem 0x0000008080000000-0x000000a07ff7ffff]
[    0.037000] <6>On node 4 totalpages: 33554304
[    0.037001] <6>  Normal zone: 524286 pages used for memmap
[    0.037002] <6>  Normal zone: 33554304 pages, LIFO batch:63
[    0.037953] <6>Initmem setup node 5 [mem 0x000000a080000000-0x000000c07ff7ffff]
[    0.037955] <6>On node 5 totalpages: 33554304
[    0.037956] <6>  Normal zone: 524286 pages used for memmap
[    0.037957] <6>  Normal zone: 33554304 pages, LIFO batch:63
[    0.038902] <6>Initmem setup node 6 [mem 0x000000c080000000-0x000000e07ff7ffff]
[    0.038904] <6>On node 6 totalpages: 33554304
[    0.038905] <6>  Normal zone: 524286 pages used for memmap
[    0.038906] <6>  Normal zone: 33554304 pages, LIFO batch:63
[    0.039858] <6>Initmem setup node 7 [mem 0x000000e080000000-0x000001007ff7ffff]
[    0.039861] <6>On node 7 totalpages: 30408576
[    0.039862] <6>  Normal zone: 475134 pages used for memmap
[    0.039862] <6>  Normal zone: 30408576 pages, LIFO batch:63
[    0.041136] <6>ACPI: PM-Timer IO Port: 0x808
[    0.041138] <6>ACPI: Local APIC address 0xfee00000
[    0.041165] <6>ACPI: LAPIC_NMI (acpi_id[0xff] high edge lint[0x1])
[    0.041184] <6>IOAPIC[0]: apic_id 128, version 33, address 0xfec00000, GSI 0-23
[    0.041188] <6>IOAPIC[1]: apic_id 129, version 33, address 0xdfef0000, GSI 24-55
[    0.041193] <6>IOAPIC[2]: apic_id 130, version 33, address 0xdbef0000, GSI 56-87
[    0.041198] <6>IOAPIC[3]: apic_id 131, version 33, address 0xd94f0000, GSI 88-119
[    0.041202] <6>IOAPIC[4]: apic_id 132, version 33, address 0xd6af0000, GSI 120-151
[    0.041208] <6>IOAPIC[5]: apic_id 133, version 33, address 0xd44f0000, GSI 152-183
[    0.041213] <6>IOAPIC[6]: apic_id 134, version 33, address 0xd1af0000, GSI 184-215
[    0.041218] <6>IOAPIC[7]: apic_id 135, version 33, address 0xcf1f0000, GSI 216-247
[    0.041223] <6>IOAPIC[8]: apic_id 136, version 33, address 0xccbf0000, GSI 248-279
[    0.041227] <6>ACPI: INT_SRC_OVR (bus 0 bus_irq 0 global_irq 2 dfl dfl)
[    0.041229] <6>ACPI: INT_SRC_OVR (bus 0 bus_irq 9 global_irq 9 low level)
[    0.041231] <6>ACPI: IRQ0 used by override.
[    0.041232] <6>ACPI: IRQ9 used by override.
[    0.041235] <6>Using ACPI (MADT) for SMP configuration information
[    0.041237] <6>ACPI: HPET id: 0x10228201 base: 0xfed00000
[    0.041261] <6>e820: update [mem 0x6b698000-0x6b6a8fff] usable ==> reserved
[    0.041285] <6>ACPI: SPCR: SPCR table version 1
[    0.041287] <6>ACPI: SPCR: console: uart,io,0x3f8,115200
[    0.041292] <6>smpboot: Allowing 128 CPUs, 0 hotplug CPUs
[    0.041347] <6>PM: Registered nosave memory: [mem 0x00000000-0x00000fff]
[    0.041350] <6>PM: Registered nosave memory: [mem 0x0009d000-0x000fffff]
[    0.041352] <6>PM: Registered nosave memory: [mem 0x2f1f1000-0x2f1f1fff]
[    0.041354] <6>PM: Registered nosave memory: [mem 0x2f20e000-0x2f20efff]
[    0.041354] <6>PM: Registered nosave memory: [mem 0x2f20f000-0x2f20ffff]
[    0.041356] <6>PM: Registered nosave memory: [mem 0x2f22c000-0x2f22cfff]
[    0.041357] <6>PM: Registered nosave memory: [mem 0x2f22d000-0x2f22dfff]
[    0.041359] <6>PM: Registered nosave memory: [mem 0x2f29c000-0x2f29cfff]
[    0.041359] <6>PM: Registered nosave memory: [mem 0x2f29d000-0x2f29dfff]
[    0.041361] <6>PM: Registered nosave memory: [mem 0x2f30c000-0x2f30cfff]
[    0.041362] <6>PM: Registered nosave memory: [mem 0x2f30d000-0x2f30dfff]
[    0.041364] <6>PM: Registered nosave memory: [mem 0x2f32a000-0x2f32afff]
[    0.041364] <6>PM: Registered nosave memory: [mem 0x2f32b000-0x2f32bfff]
[    0.041366] <6>PM: Registered nosave memory: [mem 0x2f39a000-0x2f39afff]
[    0.041368] <6>PM: Registered nosave memory: [mem 0x6b59e000-0x6b59efff]
[    0.041370] <6>PM: Registered nosave memory: [mem 0x6b5bb000-0x6b5bbfff]
[    0.041371] <6>PM: Registered nosave memory: [mem 0x6b5bc000-0x6b5bcfff]
[    0.041373] <6>PM: Registered nosave memory: [mem 0x6b5ed000-0x6b5edfff]
[    0.041374] <6>PM: Registered nosave memory: [mem 0x6b5ee000-0x6b5eefff]
[    0.041376] <6>PM: Registered nosave memory: [mem 0x6b65d000-0x6b65dfff]
[    0.041377] <6>PM: Registered nosave memory: [mem 0x6b65e000-0x6b65efff]
[    0.041379] <6>PM: Registered nosave memory: [mem 0x6b67a000-0x6b67afff]
[    0.041380] <6>PM: Registered nosave memory: [mem 0x6b67b000-0x6b67bfff]
[    0.041382] <6>PM: Registered nosave memory: [mem 0x6b697000-0x6b697fff]
[    0.041383] <6>PM: Registered nosave memory: [mem 0x6b698000-0x6b6a8fff]
[    0.041385] <6>PM: Registered nosave memory: [mem 0x6df5c000-0x6df5cfff]
[    0.041387] <6>PM: Registered nosave memory: [mem 0x6df64000-0x6df64fff]
[    0.041389] <6>PM: Registered nosave memory: [mem 0x705eb000-0x7a765fff]
[    0.041390] <6>PM: Registered nosave memory: [mem 0x7a766000-0x7a7bdfff]
[    0.041390] <6>PM: Registered nosave memory: [mem 0x7a7be000-0x7a7fdfff]
[    0.041393] <6>PM: Registered nosave memory: [mem 0x7bffe000-0x7fffffff]
[    0.041393] <6>PM: Registered nosave memory: [mem 0x80000000-0xfed7ffff]
[    0.041394] <6>PM: Registered nosave memory: [mem 0xfed80000-0xfed80fff]
[    0.041394] <6>PM: Registered nosave memory: [mem 0xfed81000-0xffffffff]
[    0.041397] <6>PM: Registered nosave memory: [mem 0x207f380000-0x207fffffff]
[    0.041399] <6>PM: Registered nosave memory: [mem 0x407ff80000-0x407fffffff]
[    0.041401] <6>PM: Registered nosave memory: [mem 0x607ff80000-0x607fffffff]
[    0.041404] <6>PM: Registered nosave memory: [mem 0x807ff80000-0x807fffffff]
[    0.041406] <6>PM: Registered nosave memory: [mem 0xa07ff80000-0xa07fffffff]
[    0.041408] <6>PM: Registered nosave memory: [mem 0xc07ff80000-0xc07fffffff]
[    0.041411] <6>PM: Registered nosave memory: [mem 0xe07ff80000-0xe07fffffff]
[    0.041413] <6>PM: Registered nosave memory: [mem 0xfd00000000-0xffffffffff]
[    0.041416] <6>[mem 0x80000000-0xfed7ffff] available for PCI devices
[    0.041418] <6>Booting paravirtualized kernel on bare hardware
[    0.041424] <6>clocksource: refined-jiffies: mask: 0xffffffff max_cycles: 0xffffffff, max_idle_ns: 1910969940391419 ns
[    0.046758] <6>setup_percpu: NR_CPUS:8192 nr_cpumask_bits:128 nr_cpu_ids:128 nr_node_ids:8
[    0.055769] <6>percpu: Embedded 60 pages/cpu s208896 r8192 d28672 u262144
[    0.055791] <6>pcpu-alloc: s208896 r8192 d28672 u262144 alloc=1*2097152
[    0.055793] <6>pcpu-alloc: [0] 000 001 002 003 004 005 006 007 
[    0.055796] <6>pcpu-alloc: [0] 064 065 066 067 068 069 070 071 
[    0.055798] <6>pcpu-alloc: [1] 008 009 010 011 012 013 014 015 
[    0.055801] <6>pcpu-alloc: [1] 072 073 074 075 076 077 078 079 
[    0.055803] <6>pcpu-alloc: [2] 016 017 018 019 020 021 022 023 
[    0.055805] <6>pcpu-alloc: [2] 080 081 082 083 084 085 086 087 
[    0.055807] <6>pcpu-alloc: [3] 024 025 026 027 028 029 030 031 
[    0.055809] <6>pcpu-alloc: [3] 088 089 090 091 092 093 094 095 
[    0.055811] <6>pcpu-alloc: [4] 032 033 034 035 036 037 038 039 
[    0.055813] <6>pcpu-alloc: [4] 096 097 098 099 100 101 102 103 
[    0.055815] <6>pcpu-alloc: [5] 040 041 042 043 044 045 046 047 
[    0.055817] <6>pcpu-alloc: [5] 104 105 106 107 108 109 110 111 
[    0.055819] <6>pcpu-alloc: [6] 048 049 050 051 052 053 054 055 
[    0.055821] <6>pcpu-alloc: [6] 112 113 114 115 116 117 118 119 
[    0.055822] <6>pcpu-alloc: [7] 056 057 058 059 060 061 062 063 
[    0.055824] <6>pcpu-alloc: [7] 120 121 122 123 124 125 126 127 
[    0.055978] <6>Built 8 zonelists, mobility grouping on.  Total pages: 261083450
[    0.055980] <6>Policy zone: Normal
[    0.055984] <6>Kernel command line: BOOT_IMAGE=/vmlinuz-4.19.90-89.20.v2401.ky10.x86_64 root=/dev/mapper/VolGroup00-LVroot ro resume=/dev/mapper/VolGroup00-LVswap rd.lvm.lv=VolGroup00/LVroot rd.lvm.lv=VolGroup00/LVswap biosdevname=0 net.ifnames=1 rhgb quiet selinux=0 console=tty0 crashkernel=1024M,high audit=0 console=ttyS0,115200n8 qla2xxx.ql2xnvmeenable=0 iommu=pt nmi_watchdog=1 idle=poll intel_idle.max_cstate=0 transparent_hugepage=never ipmi_si.kipmid_max_busy_us=100 nopti noibrs noretp spectre_v2=off nohz=off
[    0.056198] <6>audit: disabled (until reboot)
[    0.397781] <6>Memory: 2439268K/1060910620K available (12293K kernel code, 2590K rwdata, 6072K rodata, 2500K init, 19760K bss, 18188116K reserved, 0K cma-reserved)
[    0.399209] <6>SLUB: HWalign=64, Order=0-3, MinObjects=0, CPUs=128, Nodes=8
[    0.399268] <6>ftrace: allocating 38923 entries in 153 pages
[    0.421955] <6>rcu: Hierarchical RCU implementation.
[    0.421957] <6>rcu: 	RCU restricting CPUs from NR_CPUS=8192 to nr_cpu_ids=128.
[    0.421958] <6>rcu: Adjusting geometry for rcu_fanout_leaf=16, nr_cpu_ids=128
[    0.425232] <6>NR_IRQS: 524544, nr_irqs: 5800, preallocated irqs: 16
[    0.426028] <6>Console: colour dummy device 80x25
[    0.426038] <6>console [tty0] enabled
[    0.426065] <6>console [ttyS0] enabled
[    0.426513] <6>mempolicy: Enabling automatic NUMA balancing. Configure with numa_balancing= or the kernel.numa_balancing sysctl
[    0.426518] <6>ACPI: Core revision 20180810
[    0.426921] <6>clocksource: hpet: mask: 0xffffffff max_cycles: 0xffffffff, max_idle_ns: 133484873504 ns
[    0.426949] <6>hpet clockevent registered
[    0.426954] <6>APIC: Switch to symmetric I/O mode setup
[    0.426958] <6>Switched APIC routing to physical flat.
[    0.429073] <6>..TIMER: vector=0x30 apic1=0 pin1=2 apic2=-1 pin2=-1
[    0.433962] <6>clocksource: tsc-early: mask: 0xffffffffffffffff max_cycles: 0x1cd4814bf70, max_idle_ns: 440795232978 ns
[    0.433967] <6>Calibrating delay loop (skipped), value calculated using timer frequency.. 4000.17 BogoMIPS (lpj=2000088)
[    0.433969] <6>pid_max: default: 131072 minimum: 1024
[    0.435249] <6>Security Framework initialized
[    0.435251] <6>LSM: module capability registered, index 0
[    0.435253] <6>KYSEC: Disabled.
[    0.435277] <6>Box:  Disabled.
[    0.435278] <6>AppArmor: AppArmor disabled by boot time parameter
[    0.435279] <6>KIC: Disabled.
[    0.467702] <6>Dentry cache hash table entries: 33554432 (order: 16, 268435456 bytes)
[    0.484226] <6>Inode-cache hash table entries: 16777216 (order: 15, 134217728 bytes)
[    0.484891] <6>Mount-cache hash table entries: 524288 (order: 10, 4194304 bytes)
[    0.485354] <6>Mountpoint-cache hash table entries: 524288 (order: 10, 4194304 bytes)
[    0.486717] <6>LVT offset 2 assigned for vector 0xf4
[    0.486728] <6>process: WARNING: polling idle and HT enabled, performance may degrade
[    0.486731] <6>Last level iTLB entries: 4KB 1024, 2MB 1024, 4MB 512
[    0.486732] <6>Last level dTLB entries: 4KB 1536, 2MB 1536, 4MB 768, 1GB 0
[    0.486735] <6>Spectre V1 : Mitigation: usercopy/swapgs barriers and __user pointer sanitization
[    0.486738] <6>Spectre V2 : off selected on command line.
[    0.486739] <6>RETBleed: Mitigation: untrained return thunk
[    0.486740] <6>Spectre V2 : User space: Vulnerable
[    0.486744] <6>Speculative Store Bypass: Mitigation: Speculative Store Bypass disabled via prctl and seccomp
[    0.500326] <6>Freeing SMP alternatives memory: 36K
[    0.606534] <6>smpboot: CPU0: Hygon C86 7375 32-core Processor (family: 0x18, model: 0x2, stepping: 0x2)
[    0.606936] <6>Performance Events: Fam17h+ core perfctr, HYGON PMU driver.
[    0.606942] <6>... version:                0
[    0.606943] <6>... bit width:              48
[    0.606943] <6>... generic registers:      6
[    0.606944] <6>... value mask:             0000ffffffffffff
[    0.606944] <6>... max period:             00007fffffffffff
[    0.606945] <6>... fixed-purpose events:   0
[    0.606945] <6>... event mask:             000000000000003f
[    0.606963] <6>rcu: Hierarchical SRCU implementation.
[    0.608840] <6>smp: Bringing up secondary CPUs ...
[    0.608974] <6>x86: Booting SMP configuration:
[    0.608976] <6>.... node  #0, CPUs:          #1   #2   #3   #4   #5   #6   #7
[    0.618986] <6>.... node  #1, CPUs:     #8   #9  #10  #11  #12  #13  #14  #15
[    0.630117] <6>.... node  #2, CPUs:    #16  #17  #18  #19  #20  #21  #22  #23
[    0.641116] <6>.... node  #3, CPUs:    #24  #25  #26  #27  #28  #29  #30  #31
[    0.653125] <6>.... node  #4, CPUs:    #32  #33  #34  #35  #36  #37  #38  #39
[    0.674143] <6>.... node  #5, CPUs:    #40  #41  #42  #43  #44  #45  #46  #47
[    0.686164] <6>.... node  #6, CPUs:    #48  #49  #50  #51  #52  #53  #54  #55
[    0.699144] <6>.... node  #7, CPUs:    #56  #57  #58  #59  #60  #61  #62  #63
[    0.711193] <6>.... node  #0, CPUs:    #64  #65  #66  #67  #68  #69  #70  #71
[    0.729191] <6>.... node  #1, CPUs:    #72  #73  #74  #75  #76  #77  #78  #79
[    0.742212] <6>.... node  #2, CPUs:    #80  #81  #82  #83  #84  #85  #86  #87
[    0.755217] <6>.... node  #3, CPUs:    #88  #89  #90  #91  #92  #93  #94  #95
[    0.768231] <6>.... node  #4, CPUs:    #96  #97  #98  #99 #100 #101 #102 #103
[    0.782288] <6>.... node  #5, CPUs:   #104 #105 #106 #1

[OUTPUT TRUNCATED: 445784 chars total, showing first 40000. Use a more specific command or grep filter to reduce output.]
```

### 步骤 14: LLM 分析

**推理过程**:

